{"implementation": "c", "firmware": "v6_polling", "sketch_sha256": "7ced0196b1deca94ac8eba06b3fcb7578789d917f61cf6f20d9f86ea1b675b25", "source_sha256": "2af04d3f7f2a50a0491083ab324361b6463bc586d55050fb334553f378f21af7"}
progress: transfers=10245 valid=10242 elapsed=10.0
{
  "implementation": "c", "protocol_version": 2,
  "transfers": 10246,
  "valid_blocks": 10243,
  "bad_headers": 0,
  "bad_payloads": 0,
  "crc_errors": 3,
  "missing_blocks": 3,
  "duplicates": 0,
  "out_of_order": 0,
  "ack_errors": 3,
  "counter_resets": 0,
  "mcu_spi_errors": 3,
  "mcu_bad_commands": 0,
  "mcu_short_transfers": 0,
  "mcu_prepare_us_max": 102,
  "mcu_check_us_max": 116,
  "previous": 23368,
  "first_counters": [0,0,0],
  "last_counters": [3,0,0],
  "last_driver_result": 512,
  "last_driver_error": -122919,
  "mcu_prepare_us_mean": 96.026945, "mcu_check_us_mean": 110.005272,
  "elapsed_s": 10.001126228, "wire_bytes": 5245952, "wire_Bps": 524536.125,
  "verified_pattern_bytes": 4711780, "verified_pattern_Bps": 471124.941,
  "block_bytes": 512, "pattern_bytes_per_block": 460, "requested_hz": 8000000, "configured_hz": 8000000,
  "gap_us": 250.000, "minimum_pattern_Bps": 750000.000, "error_errno": 0,
  "timing_s": {"prepare": 0.129827317, "exchange": 6.404636004, "check": 0.132024892, "gap": 3.332013078, "ioctl": 6.400250189, "ioctl_max": 0.002634412},
  "integrity_pass": false, "throughput_pass": false, "pass": false
}
