{"progress": {"transfers": 2143, "valid_blocks": 2143, "bad_headers": 0, "bad_payloads": 0, "crc_errors": 0, "missing_blocks": 0, "duplicates": 0, "out_of_order": 0, "ack_errors": 0, "counter_resets": 0, "previous": 6062, "first_counters": [1057, 0, 0], "last_counters": [1057, 0, 0], "last_driver_result": 512, "mcu_spi_errors": 0, "mcu_bad_commands": 0, "mcu_short_transfers": 0, "elapsed_s": 10.003335102000051, "wire_bytes": 1097216, "verified_pattern_bytes": 1011496, "verified_pattern_Bps": 101115.87682369683, "integrity_pass": true}}
{
  "transfers": 2144,
  "valid_blocks": 2144,
  "bad_headers": 0,
  "bad_payloads": 0,
  "crc_errors": 0,
  "missing_blocks": 0,
  "duplicates": 0,
  "out_of_order": 0,
  "ack_errors": 0,
  "counter_resets": 0,
  "previous": 6063,
  "first_counters": [
    1057,
    0,
    0
  ],
  "last_counters": [
    1057,
    0,
    0
  ],
  "last_driver_result": 512,
  "mcu_spi_errors": 0,
  "mcu_bad_commands": 0,
  "mcu_short_transfers": 0,
  "elapsed_s": 10.010488935000012,
  "wire_bytes": 1097728,
  "verified_pattern_bytes": 1011968,
  "verified_pattern_Bps": 101090.7665520534,
  "integrity_pass": true,
  "device": "/dev/spidev0.0",
  "requested_hz": 3000000,
  "configured_hz": 3000000,
  "block_bytes": 512,
  "gap_us": 0.0,
  "minimum_pattern_Bps": 750000,
  "error": null,
  "throughput_pass": false,
  "pass": false
}
