{"implementation": "c", "source_sha256": "2af04d3f7f2a50a0491083ab324361b6463bc586d55050fb334553f378f21af7"}
progress: transfers=6398 valid=6398 elapsed=10.0
progress: transfers=12799 valid=12799 elapsed=20.0
progress: transfers=19204 valid=19204 elapsed=30.0
progress: transfers=25615 valid=25615 elapsed=40.0
progress: transfers=32012 valid=32012 elapsed=50.0
progress: transfers=38410 valid=38410 elapsed=60.0
progress: transfers=44812 valid=44812 elapsed=70.0
progress: transfers=51216 valid=51216 elapsed=80.0
progress: transfers=57621 valid=57621 elapsed=90.0
progress: transfers=64021 valid=64021 elapsed=100.0
progress: transfers=70422 valid=70422 elapsed=110.0
{
  "implementation": "c", "protocol_version": 2,
  "transfers": 76810,
  "valid_blocks": 76810,
  "bad_headers": 0,
  "bad_payloads": 0,
  "crc_errors": 0,
  "missing_blocks": 0,
  "duplicates": 0,
  "out_of_order": 0,
  "ack_errors": 0,
  "counter_resets": 0,
  "mcu_spi_errors": 0,
  "mcu_bad_commands": 0,
  "mcu_short_transfers": 0,
  "mcu_prepare_us_max": 99,
  "mcu_check_us_max": 111,
  "previous": 89915,
  "first_counters": [671,0,0],
  "last_counters": [671,0,0],
  "last_driver_result": 512,
  "last_driver_error": -5,
  "mcu_prepare_us_mean": 99.000000, "mcu_check_us_mean": 103.999193,
  "elapsed_s": 120.002625323, "wire_bytes": 39326720, "wire_Bps": 327715.497,
  "verified_pattern_bytes": 35332600, "verified_pattern_Bps": 294431.892,
  "block_bytes": 512, "pattern_bytes_per_block": 460, "requested_hz": 3800000, "configured_hz": 3800000,
  "gap_us": 250.000, "minimum_pattern_Bps": 750000.000, "error_errno": 0,
  "timing_s": {"prepare": 0.924112058, "exchange": 92.976484677, "check": 0.954614986, "gap": 25.128550885, "ioctl": 92.941862571, "ioctl_max": 0.005277363},
  "integrity_pass": true, "throughput_pass": false, "pass": false
}
