{"implementation": "c", "source_sha256": "d137e2b3e40caa0497d768e6bfb9d5fd050011b32d7c28cba8d947692e431d84"}
progress: transfers=6634 valid=3319 elapsed=10.0
{
  "implementation": "c", "protocol_version": 2,
  "transfers": 6635,
  "valid_blocks": 3320,
  "bad_headers": 3315,
  "bad_payloads": 0,
  "crc_errors": 3315,
  "missing_blocks": 0,
  "duplicates": 0,
  "out_of_order": 0,
  "ack_errors": 3315,
  "counter_resets": 0,
  "mcu_spi_errors": 0,
  "mcu_bad_commands": 0,
  "mcu_short_transfers": 0,
  "mcu_prepare_us_max": 99,
  "mcu_check_us_max": 104,
  "previous": 5391,
  "first_counters": [0,0,0],
  "last_counters": [0,0,0],
  "last_driver_result": 512,
  "last_driver_error": 0,
  "mcu_prepare_us_mean": 99.000000, "mcu_check_us_mean": 104.000000,
  "elapsed_s": 10.002164254, "wire_bytes": 3397120, "wire_Bps": 339638.494,
  "verified_pattern_bytes": 1527200, "verified_pattern_Bps": 152686.955,
  "block_bytes": 512, "pattern_bytes_per_block": 460, "requested_hz": 3000000, "configured_hz": 3000000,
  "gap_us": 0.000, "minimum_pattern_Bps": 750000.000, "error_errno": 0,
  "timing_s": {"prepare": 0.083477364, "exchange": 9.845833867, "check": 0.069632139, "gap": 0.001501384, "ioctl": 9.843051226, "ioctl_max": 0.004181303},
  "integrity_pass": false, "throughput_pass": false, "pass": false
}
