{"implementation": "c", "source_sha256": "2af04d3f7f2a50a0491083ab324361b6463bc586d55050fb334553f378f21af7"}
{
  "implementation": "c", "protocol_version": 2,
  "transfers": 3351,
  "valid_blocks": 0,
  "bad_headers": 2680,
  "bad_payloads": 0,
  "crc_errors": 3351,
  "missing_blocks": 0,
  "duplicates": 0,
  "out_of_order": 0,
  "ack_errors": 0,
  "counter_resets": 0,
  "mcu_spi_errors": 0,
  "mcu_bad_commands": 0,
  "mcu_short_transfers": 0,
  "mcu_prepare_us_max": 0,
  "mcu_check_us_max": 0,
  "previous": null,
  "first_counters": null,
  "last_counters": null,
  "last_driver_result": null,
  "last_driver_error": null,
  "mcu_prepare_us_mean": 0.000000, "mcu_check_us_mean": 0.000000,
  "elapsed_s": 5.002469378, "wire_bytes": 1715712, "wire_Bps": 342973.014,
  "verified_pattern_bytes": 0, "verified_pattern_Bps": 0.000,
  "block_bytes": 512, "pattern_bytes_per_block": 460, "requested_hz": 4000000, "configured_hz": 4000000,
  "gap_us": 250.000, "minimum_pattern_Bps": 750000.000, "error_errno": 0,
  "timing_s": {"prepare": 0.041112956, "exchange": 3.840745943, "check": 0.026223758, "gap": 1.093540401, "ioctl": 3.839182599, "ioctl_max": 0.004680153},
  "integrity_pass": false, "throughput_pass": false, "pass": false
}
