{"implementation": "c", "firmware": "v6_adc", "sketch_files_sha256": {"sketch/acquisition.h": "095b9a2572074f6a07d52f0ebbd24b9ea0687ca6a9f8ea1094cba173884cf17a", "sketch/benchmark_protocol.h": "05a9504ad3cd67f85ecc7e966f0bb8e2f1cbc521909b6b38be1023d0b603e0c8", "sketch/scope_config.h": "237d86c6afe05576cb5b5d1c8632564aa2eb8beb84adf51b63e982dc5d99f781", "sketch/scope_protocol.h": "78161459266a82b56dd3b767d2bde1b6e41ea2112ccbc1edf3dae2ad521f87c2", "sketch/sketch.ino": "b8659f053c03ce320dd340a237132bf08c67ad260ccd7fbf0911c6ef6e3a1867", "sketch/sketch.yaml": "2ee56ed8561b6ea420885ed62ca804f498a54825ce6df906168e78a014c424ea"}, "sketch_sha256": "b8659f053c03ce320dd340a237132bf08c67ad260ccd7fbf0911c6ef6e3a1867", "source_sha256": "6280ccbaeb9b24caa5a79f7a5a789d67ed57afd3d191acfb52e276c8e48b4292"}
progress: transfers=5929 valid=5929 elapsed=10.0
progress: transfers=11896 valid=11896 elapsed=20.1
progress: transfers=17863 valid=17863 elapsed=30.1
progress: transfers=23830 valid=23830 elapsed=40.1
progress: transfers=29797 valid=29797 elapsed=50.2
progress: transfers=35764 valid=35764 elapsed=60.2
progress: transfers=41731 valid=41731 elapsed=70.2
progress: transfers=47698 valid=47698 elapsed=80.3
progress: transfers=53665 valid=53665 elapsed=90.3
progress: transfers=59632 valid=59632 elapsed=100.3
progress: transfers=65599 valid=65599 elapsed=110.4
{
  "implementation": "c", "protocol_version": 2,
  "transfers": 71333,
  "valid_blocks": 71333,
  "bad_headers": 0,
  "bad_payloads": 0,
  "crc_errors": 0,
  "missing_blocks": 0,
  "duplicates": 0,
  "out_of_order": 0,
  "ack_errors": 0,
  "counter_resets": 0,
  "mcu_spi_errors": 0,
  "mcu_bad_commands": 0,
  "mcu_short_transfers": 0,
  "sample_pairs": 3745898,
  "sample_gaps": 0,
  "timestamp_errors": 0,
  "adc_errors": 0,
  "dropped_nodes": 0,
  "acquisition_errors": 0,
  "mcu_prepare_us_max": 225,
  "mcu_check_us_max": 145,
  "previous": 71332,
  "first_counters": [0,0,0],
  "last_counters": [0,0,0],
  "last_driver_result": 512,
  "last_driver_error": 0,
  "mcu_prepare_us_mean": 193.641064, "mcu_check_us_mean": 112.126365,
  "elapsed_s": 120.008835674, "wire_bytes": 36522496, "wire_Bps": 304331.725,
  "verified_pattern_bytes": 0, "verified_pattern_Bps": 0.000,
  "adc_mode": true, "verified_sample_Bps": 249708.147, "sample_pairs_per_second": 31213.518,
  "block_bytes": 512, "pattern_bytes_per_block": 0, "requested_hz": 20000000, "configured_hz": 20000000,
  "gap_us": 0.000, "minimum_verified_Bps": 240000.000, "error_errno": 0,
  "timing_s": {"prepare": 0.595859039, "exchange": 22.161425249, "check": 0.499653405, "gap": 0.010600781, "ioctl": 22.119989698, "ioctl_max": 0.001208756},
  "ready_enabled": true, "ready_wait_s": 96.728561935, "ready_wait_max_s": 0.068369770,
  "integrity_pass": true, "throughput_pass": true, "pass": true
}
