{"implementation": "c", "firmware": "v6_polling", "sketch_sha256": "7ced0196b1deca94ac8eba06b3fcb7578789d917f61cf6f20d9f86ea1b675b25", "source_sha256": "2af04d3f7f2a50a0491083ab324361b6463bc586d55050fb334553f378f21af7"}
progress: transfers=1871 valid=1871 elapsed=10.0
{
  "implementation": "c", "protocol_version": 2,
  "transfers": 1872,
  "valid_blocks": 1872,
  "bad_headers": 0,
  "bad_payloads": 0,
  "crc_errors": 0,
  "missing_blocks": 0,
  "duplicates": 0,
  "out_of_order": 0,
  "ack_errors": 0,
  "counter_resets": 0,
  "mcu_spi_errors": 0,
  "mcu_bad_commands": 0,
  "mcu_short_transfers": 0,
  "mcu_prepare_us_max": 102,
  "mcu_check_us_max": 116,
  "previous": 1871,
  "first_counters": [0,0,0],
  "last_counters": [0,0,0],
  "last_driver_result": 512,
  "last_driver_error": 0,
  "mcu_prepare_us_mean": 95.987179, "mcu_check_us_mean": 109.963675,
  "elapsed_s": 10.006691889, "wire_bytes": 958464, "wire_Bps": 95782.304,
  "verified_pattern_bytes": 861120, "verified_pattern_Bps": 86054.413,
  "block_bytes": 512, "pattern_bytes_per_block": 460, "requested_hz": 1000000, "configured_hz": 1000000,
  "gap_us": 1000.000, "minimum_pattern_Bps": 750000.000, "error_errno": 0,
  "timing_s": {"prepare": 0.022513164, "exchange": 7.933778662, "check": 0.023737528, "gap": 2.025935450, "ioctl": 7.932769282, "ioctl_max": 0.005822889},
  "integrity_pass": true, "throughput_pass": false, "pass": false
}
