{"implementation": "python", "source_sha256": "ba0ba61ad651f6e0d18af48a986d3dd7555b88a56d3ca4486497c533e89824f8"}
{"progress": {"transfers": 2071, "valid_blocks": 2071, "bad_headers": 0, "bad_payloads": 0, "crc_errors": 0, "missing_blocks": 0, "duplicates": 0, "out_of_order": 0, "ack_errors": 0, "counter_resets": 0, "previous": 2070, "first_counters": [0, 0, 0], "last_counters": [0, 0, 0], "last_driver_result": 512, "last_driver_error": 0, "mcu_timing_blocks": 2071, "mcu_prepare_us_sum": 204930, "mcu_check_us_sum": 215280, "mcu_prepare_us_max": 99, "mcu_check_us_max": 104, "mcu_spi_errors": 0, "mcu_bad_commands": 0, "mcu_short_transfers": 0, "elapsed_s": 10.000005475999842, "wire_bytes": 1060352, "mcu_prepare_us_mean": 98.95219700627716, "mcu_check_us_mean": 103.9497827136649, "wire_Bps": 106035.14193515795, "verified_pattern_bytes": 952660, "verified_pattern_Bps": 95265.94783236847, "integrity_pass": true}}
{
  "transfers": 2072,
  "valid_blocks": 2072,
  "bad_headers": 0,
  "bad_payloads": 0,
  "crc_errors": 0,
  "missing_blocks": 0,
  "duplicates": 0,
  "out_of_order": 0,
  "ack_errors": 0,
  "counter_resets": 0,
  "previous": 2071,
  "first_counters": [
    0,
    0,
    0
  ],
  "last_counters": [
    0,
    0,
    0
  ],
  "last_driver_result": 512,
  "last_driver_error": 0,
  "mcu_timing_blocks": 2072,
  "mcu_prepare_us_sum": 205029,
  "mcu_check_us_sum": 215384,
  "mcu_prepare_us_max": 99,
  "mcu_check_us_max": 104,
  "mcu_spi_errors": 0,
  "mcu_bad_commands": 0,
  "mcu_short_transfers": 0,
  "elapsed_s": 10.005920862999801,
  "wire_bytes": 1060864,
  "mcu_prepare_us_mean": 98.95222007722008,
  "mcu_check_us_mean": 103.94980694980696,
  "wire_Bps": 106023.62486424365,
  "verified_pattern_bytes": 953120,
  "verified_pattern_Bps": 95255.6004639689,
  "integrity_pass": true,
  "device": "/dev/spidev0.0",
  "requested_hz": 3000000,
  "configured_hz": 3000000,
  "block_bytes": 512,
  "gap_us": 0.0,
  "minimum_pattern_Bps": 750000,
  "error": null,
  "implementation": "python",
  "protocol_version": 2,
  "pattern_bytes_per_block": 460,
  "timing_s": {
    "prepare": 3.315321937002409,
    "exchange": 3.2360384979936043,
    "check": 3.436267999006759,
    "gap": 0.01087764200019592,
    "ioctl": 3.1090874549977343,
    "ioctl_max": 0.002770190999854094
  },
  "throughput_pass": false,
  "pass": false
}
