{"implementation": "c", "firmware": "v6_irq", "sketch_sha256": "9195ab01397d24a3ddcce506fcfcbcd57ea5188e40afad3db1d06cc3d76ae8e5", "source_sha256": "363dbbf38f8a1aa84607e60ac21f6da31eefe2bb4df9a1fe0bcb87b10d9ce8a8"}
{
  "implementation": "c", "protocol_version": 2,
  "transfers": 1,
  "valid_blocks": 1,
  "bad_headers": 0,
  "bad_payloads": 0,
  "crc_errors": 0,
  "missing_blocks": 0,
  "duplicates": 0,
  "out_of_order": 0,
  "ack_errors": 0,
  "counter_resets": 0,
  "mcu_spi_errors": 0,
  "mcu_bad_commands": 0,
  "mcu_short_transfers": 0,
  "mcu_prepare_us_max": 0,
  "mcu_check_us_max": 0,
  "previous": 0,
  "first_counters": [0,0,0],
  "last_counters": [0,0,0],
  "last_driver_result": 0,
  "last_driver_error": 0,
  "mcu_prepare_us_mean": 0.000000, "mcu_check_us_mean": 0.000000,
  "elapsed_s": 1.006784024, "wire_bytes": 512, "wire_Bps": 508.550,
  "verified_pattern_bytes": 460, "verified_pattern_Bps": 456.900,
  "block_bytes": 512, "pattern_bytes_per_block": 460, "requested_hz": 1000000, "configured_hz": 1000000,
  "gap_us": 0.000, "minimum_pattern_Bps": 750000.000, "error_errno": 110,
  "timing_s": {"prepare": 0.000005105, "exchange": 0.005255160, "check": 0.000008854, "gap": 0.000000261, "ioctl": 0.005254848, "ioctl_max": 0.005254848},
  "ready_enabled": true, "ready_wait_s": 1.001301517, "ready_wait_max_s": 1.001115109,
  "integrity_pass": true, "throughput_pass": false, "pass": false
}
