{"implementation": "python", "source_sha256": "bc51241c8dbf9d7ad900d3adde2ef92c2d869c5e92fd0f099ff046656aac67ad"}
{"progress": {"transfers": 4488, "valid_blocks": 4488, "bad_headers": 0, "bad_payloads": 0, "crc_errors": 0, "missing_blocks": 0, "duplicates": 0, "out_of_order": 0, "ack_errors": 0, "counter_resets": 0, "previous": 15997, "first_counters": [672, 0, 0], "last_counters": [672, 0, 0], "last_driver_result": 512, "last_driver_error": -5, "mcu_timing_blocks": 4488, "mcu_prepare_us_sum": 444312, "mcu_check_us_sum": 466648, "mcu_prepare_us_max": 99, "mcu_check_us_max": 104, "mcu_spi_errors": 0, "mcu_bad_commands": 0, "mcu_short_transfers": 0, "elapsed_s": 10.001161108000133, "wire_bytes": 2297856, "mcu_prepare_us_mean": 99.0, "mcu_check_us_mean": 103.97682709447416, "wire_Bps": 229758.92250769743, "verified_pattern_bytes": 2064480, "verified_pattern_Bps": 206424.03194050942, "integrity_pass": true}}
{
  "transfers": 4489,
  "valid_blocks": 4489,
  "bad_headers": 0,
  "bad_payloads": 0,
  "crc_errors": 0,
  "missing_blocks": 0,
  "duplicates": 0,
  "out_of_order": 0,
  "ack_errors": 0,
  "counter_resets": 0,
  "previous": 15998,
  "first_counters": [
    672,
    0,
    0
  ],
  "last_counters": [
    672,
    0,
    0
  ],
  "last_driver_result": 512,
  "last_driver_error": -5,
  "mcu_timing_blocks": 4489,
  "mcu_prepare_us_sum": 444411,
  "mcu_check_us_sum": 466752,
  "mcu_prepare_us_max": 99,
  "mcu_check_us_max": 104,
  "mcu_spi_errors": 0,
  "mcu_bad_commands": 0,
  "mcu_short_transfers": 0,
  "elapsed_s": 10.003963905000091,
  "wire_bytes": 2298368,
  "mcu_prepare_us_mean": 99.0,
  "mcu_check_us_mean": 103.9768322566273,
  "wire_Bps": 229745.73097482393,
  "verified_pattern_bytes": 2064940,
  "verified_pattern_Bps": 206412.18017269336,
  "integrity_pass": true,
  "device": "/dev/spidev0.0",
  "requested_hz": 3000000,
  "configured_hz": 3000000,
  "block_bytes": 512,
  "gap_us": 250.0,
  "minimum_pattern_Bps": 750000,
  "error": null,
  "implementation": "python",
  "protocol_version": 2,
  "pattern_bytes_per_block": 460,
  "timing_s": {
    "prepare": 0.4123630859996865,
    "exchange": 7.267401574004452,
    "check": 0.770663072997877,
    "gap": 1.525745798996013,
    "ioctl": 6.88245305700093,
    "ioctl_max": 0.0036534859998482716
  },
  "throughput_pass": false,
  "pass": false
}
