{"implementation": "c", "firmware": "v6_dma", "sketch_sha256": "165df4739d2c8660ed26c3f31d3dd241abf44efbb8e206e280f9396b4ac790ff", "source_sha256": "2af04d3f7f2a50a0491083ab324361b6463bc586d55050fb334553f378f21af7"}
progress: transfers=16243 valid=16243 elapsed=10.0
{
  "implementation": "c", "protocol_version": 2,
  "transfers": 16244,
  "valid_blocks": 16244,
  "bad_headers": 0,
  "bad_payloads": 0,
  "crc_errors": 0,
  "missing_blocks": 0,
  "duplicates": 0,
  "out_of_order": 0,
  "ack_errors": 0,
  "counter_resets": 0,
  "mcu_spi_errors": 0,
  "mcu_bad_commands": 0,
  "mcu_short_transfers": 0,
  "mcu_prepare_us_max": 102,
  "mcu_check_us_max": 110,
  "previous": 41369,
  "first_counters": [0,0,0],
  "last_counters": [0,0,0],
  "last_driver_result": 512,
  "last_driver_error": 0,
  "mcu_prepare_us_mean": 96.029180, "mcu_check_us_mean": 104.035829,
  "elapsed_s": 10.000720932, "wire_bytes": 8316928, "wire_Bps": 831632.845,
  "verified_pattern_bytes": 7472240, "verified_pattern_Bps": 747170.134,
  "block_bytes": 512, "pattern_bytes_per_block": 460, "requested_hz": 20000000, "configured_hz": 20000000,
  "gap_us": 200.000, "minimum_pattern_Bps": 750000.000, "error_errno": 0,
  "timing_s": {"prepare": 0.203994011, "exchange": 5.119970019, "check": 0.208080829, "gap": 4.464641812, "ioctl": 5.113190865, "ioctl_max": 0.002806387},
  "integrity_pass": true, "throughput_pass": false, "pass": false
}
