{"implementation": "c", "firmware": "v6_dma", "sketch_sha256": "165df4739d2c8660ed26c3f31d3dd241abf44efbb8e206e280f9396b4ac790ff", "source_sha256": "2af04d3f7f2a50a0491083ab324361b6463bc586d55050fb334553f378f21af7"}
progress: transfers=13946 valid=13946 elapsed=10.0
{
  "implementation": "c", "protocol_version": 2,
  "transfers": 13947,
  "valid_blocks": 13947,
  "bad_headers": 0,
  "bad_payloads": 0,
  "crc_errors": 0,
  "missing_blocks": 0,
  "duplicates": 0,
  "out_of_order": 0,
  "ack_errors": 0,
  "counter_resets": 0,
  "mcu_spi_errors": 0,
  "mcu_bad_commands": 0,
  "mcu_short_transfers": 0,
  "mcu_prepare_us_max": 102,
  "mcu_check_us_max": 110,
  "previous": 25125,
  "first_counters": [0,0,0],
  "last_counters": [0,0,0],
  "last_driver_result": 512,
  "last_driver_error": 0,
  "mcu_prepare_us_mean": 96.032265, "mcu_check_us_mean": 104.030544,
  "elapsed_s": 10.000830258, "wire_bytes": 7140864, "wire_Bps": 714027.117,
  "verified_pattern_bytes": 6415620, "verified_pattern_Bps": 641508.738,
  "block_bytes": 512, "pattern_bytes_per_block": 460, "requested_hz": 16000000, "configured_hz": 16000000,
  "gap_us": 250.000, "minimum_pattern_Bps": 750000.000, "error_errno": 0,
  "timing_s": {"prepare": 0.177279833, "exchange": 5.103926922, "check": 0.183425479, "gap": 4.532714768, "ioctl": 5.098154001, "ioctl_max": 0.003292728},
  "integrity_pass": true, "throughput_pass": false, "pass": false
}
