{"implementation": "c", "firmware": "v6_adc", "sketch_files_sha256": {"sketch/acquisition.h": "095b9a2572074f6a07d52f0ebbd24b9ea0687ca6a9f8ea1094cba173884cf17a", "sketch/benchmark_protocol.h": "05a9504ad3cd67f85ecc7e966f0bb8e2f1cbc521909b6b38be1023d0b603e0c8", "sketch/scope_config.h": "237d86c6afe05576cb5b5d1c8632564aa2eb8beb84adf51b63e982dc5d99f781", "sketch/scope_protocol.h": "78161459266a82b56dd3b767d2bde1b6e41ea2112ccbc1edf3dae2ad521f87c2", "sketch/sketch.ino": "b8659f053c03ce320dd340a237132bf08c67ad260ccd7fbf0911c6ef6e3a1867", "sketch/sketch.yaml": "2ee56ed8561b6ea420885ed62ca804f498a54825ce6df906168e78a014c424ea"}, "sketch_sha256": "b8659f053c03ce320dd340a237132bf08c67ad260ccd7fbf0911c6ef6e3a1867", "source_sha256": "27d322f836f74a8c0f0693f612553ee3c10ef7597d3ebaea06ee1d41f326c792"}
progress: transfers=5929 valid=5929 elapsed=10.0
{
  "implementation": "c", "protocol_version": 2,
  "transfers": 5930,
  "valid_blocks": 5930,
  "bad_headers": 0,
  "bad_payloads": 0,
  "crc_errors": 0,
  "missing_blocks": 0,
  "duplicates": 0,
  "out_of_order": 0,
  "ack_errors": 0,
  "counter_resets": 0,
  "mcu_spi_errors": 0,
  "mcu_bad_commands": 0,
  "mcu_short_transfers": 0,
  "sample_pairs": 311402,
  "sample_gaps": 0,
  "timestamp_errors": 0,
  "adc_errors": 0,
  "dropped_nodes": 0,
  "acquisition_errors": 0,
  "mcu_prepare_us_max": 222,
  "mcu_check_us_max": 145,
  "previous": 5929,
  "first_counters": [0,0,0],
  "last_counters": [0,0,0],
  "last_driver_result": 512,
  "last_driver_error": 0,
  "mcu_prepare_us_mean": 193.674874, "mcu_check_us_mean": 112.075885,
  "elapsed_s": 10.036768094, "wire_bytes": 3036160, "wire_Bps": 302503.751,
  "verified_pattern_bytes": 0, "verified_pattern_Bps": 0.000,
  "adc_mode": true, "verified_sample_Bps": 248208.983, "sample_pairs_per_second": 31026.123,
  "block_bytes": 512, "pattern_bytes_per_block": 460, "requested_hz": 20000000, "configured_hz": 20000000,
  "gap_us": 0.000, "minimum_pattern_Bps": 240000.000, "error_errno": 0,
  "timing_s": {"prepare": 0.049745738, "exchange": 1.836040411, "check": 0.041478667, "gap": 0.000871739, "ioctl": 1.832530285, "ioctl_max": 0.001216725},
  "ready_enabled": true, "ready_wait_s": 8.107363955, "ready_wait_max_s": 0.068033256,
  "integrity_pass": true, "throughput_pass": true, "pass": true
}
