{"implementation": "c", "firmware": "v6_polling", "sketch_sha256": "7ced0196b1deca94ac8eba06b3fcb7578789d917f61cf6f20d9f86ea1b675b25", "source_sha256": "2af04d3f7f2a50a0491083ab324361b6463bc586d55050fb334553f378f21af7"}
progress: transfers=8735 valid=8735 elapsed=10.0
progress: transfers=17472 valid=17472 elapsed=20.0
progress: transfers=26208 valid=26208 elapsed=30.0
progress: transfers=34949 valid=34949 elapsed=40.0
progress: transfers=43688 valid=43688 elapsed=50.0
progress: transfers=52427 valid=52427 elapsed=60.0
progress: transfers=61168 valid=61168 elapsed=70.0
progress: transfers=69904 valid=69904 elapsed=80.0
progress: transfers=78640 valid=78640 elapsed=90.0
progress: transfers=87382 valid=87382 elapsed=100.0
progress: transfers=96120 valid=96120 elapsed=110.0
{
  "implementation": "c", "protocol_version": 2,
  "transfers": 104852,
  "valid_blocks": 104852,
  "bad_headers": 0,
  "bad_payloads": 0,
  "crc_errors": 0,
  "missing_blocks": 0,
  "duplicates": 0,
  "out_of_order": 0,
  "ack_errors": 0,
  "counter_resets": 0,
  "mcu_spi_errors": 0,
  "mcu_bad_commands": 0,
  "mcu_short_transfers": 0,
  "mcu_prepare_us_max": 102,
  "mcu_check_us_max": 116,
  "previous": 136959,
  "first_counters": [3,0,0],
  "last_counters": [3,0,0],
  "last_driver_result": 512,
  "last_driver_error": -122919,
  "mcu_prepare_us_mean": 96.030042, "mcu_check_us_mean": 110.032446,
  "elapsed_s": 120.000948492, "wire_bytes": 53684224, "wire_Bps": 447364.997,
  "verified_pattern_bytes": 48231920, "verified_pattern_Bps": 401929.490,
  "block_bytes": 512, "pattern_bytes_per_block": 460, "requested_hz": 6000000, "configured_hz": 6000000,
  "gap_us": 250.000, "minimum_pattern_Bps": 750000.000, "error_errno": 0,
  "timing_s": {"prepare": 1.316703149, "exchange": 83.518384079, "check": 1.349709705, "gap": 33.790724249, "ioctl": 83.473482109, "ioctl_max": 0.002633712},
  "integrity_pass": true, "throughput_pass": false, "pass": false
}
