{"implementation": "c", "source_sha256": "d137e2b3e40caa0497d768e6bfb9d5fd050011b32d7c28cba8d947692e431d84"}
progress: transfers=5445 valid=5445 elapsed=10.0
{
  "implementation": "c", "protocol_version": 2,
  "transfers": 5446,
  "valid_blocks": 5446,
  "bad_headers": 0,
  "bad_payloads": 0,
  "crc_errors": 0,
  "missing_blocks": 0,
  "duplicates": 0,
  "out_of_order": 0,
  "ack_errors": 0,
  "counter_resets": 0,
  "mcu_spi_errors": 0,
  "mcu_bad_commands": 0,
  "mcu_short_transfers": 0,
  "mcu_prepare_us_max": 99,
  "mcu_check_us_max": 104,
  "previous": 10837,
  "first_counters": [0,0,0],
  "last_counters": [0,0,0],
  "last_driver_result": 512,
  "last_driver_error": 0,
  "mcu_prepare_us_mean": 99.000000, "mcu_check_us_mean": 104.000000,
  "elapsed_s": 10.002776664, "wire_bytes": 2788352, "wire_Bps": 278757.798,
  "verified_pattern_bytes": 2505160, "verified_pattern_Bps": 250446.459,
  "block_bytes": 512, "pattern_bytes_per_block": 460, "requested_hz": 3000000, "configured_hz": 3000000,
  "gap_us": 250.000, "minimum_pattern_Bps": 750000.000, "error_errno": 0,
  "timing_s": {"prepare": 0.069104655, "exchange": 8.088724636, "check": 0.071079068, "gap": 1.772311671, "ioctl": 8.086370835, "ioctl_max": 0.003033008},
  "integrity_pass": true, "throughput_pass": false, "pass": false
}
