{"progress": {"transfers": 2053, "valid_blocks": 2053, "bad_headers": 0, "bad_payloads": 0, "crc_errors": 0, "missing_blocks": 0, "duplicates": 0, "out_of_order": 0, "ack_errors": 0, "counter_resets": 0, "previous": 8116, "first_counters": [1057, 0, 0], "last_counters": [1057, 0, 0], "last_driver_result": 512, "mcu_spi_errors": 0, "mcu_bad_commands": 0, "mcu_short_transfers": 0, "elapsed_s": 10.00451985799998, "wire_bytes": 1051136, "verified_pattern_bytes": 969016, "verified_pattern_Bps": 96857.82163999998, "integrity_pass": true}}
{"progress": {"transfers": 4064, "valid_blocks": 4064, "bad_headers": 0, "bad_payloads": 0, "crc_errors": 0, "missing_blocks": 0, "duplicates": 0, "out_of_order": 0, "ack_errors": 0, "counter_resets": 0, "previous": 10127, "first_counters": [1057, 0, 0], "last_counters": [1057, 0, 0], "last_driver_result": 512, "mcu_spi_errors": 0, "mcu_bad_commands": 0, "mcu_short_transfers": 0, "elapsed_s": 20.00532129699991, "wire_bytes": 2080768, "verified_pattern_bytes": 1918208, "verified_pattern_Bps": 95884.8884015506, "integrity_pass": true}}
{"progress": {"transfers": 6045, "valid_blocks": 6045, "bad_headers": 0, "bad_payloads": 0, "crc_errors": 0, "missing_blocks": 0, "duplicates": 0, "out_of_order": 0, "ack_errors": 0, "counter_resets": 0, "previous": 12108, "first_counters": [1057, 0, 0], "last_counters": [1057, 0, 0], "last_driver_result": 512, "mcu_spi_errors": 0, "mcu_bad_commands": 0, "mcu_short_transfers": 0, "elapsed_s": 30.00639467399992, "wire_bytes": 3095040, "verified_pattern_bytes": 2853240, "verified_pattern_Bps": 95087.7314985225, "integrity_pass": true}}
{"progress": {"transfers": 8018, "valid_blocks": 8018, "bad_headers": 0, "bad_payloads": 0, "crc_errors": 0, "missing_blocks": 0, "duplicates": 0, "out_of_order": 0, "ack_errors": 0, "counter_resets": 0, "previous": 14081, "first_counters": [1057, 0, 0], "last_counters": [1057, 0, 0], "last_driver_result": 512, "mcu_spi_errors": 0, "mcu_bad_commands": 0, "mcu_short_transfers": 0, "elapsed_s": 40.00894086099993, "wire_bytes": 4105216, "verified_pattern_bytes": 3784496, "verified_pattern_Bps": 94591.25681802454, "integrity_pass": true}}
{"progress": {"transfers": 10127, "valid_blocks": 10127, "bad_headers": 0, "bad_payloads": 0, "crc_errors": 0, "missing_blocks": 0, "duplicates": 0, "out_of_order": 0, "ack_errors": 0, "counter_resets": 0, "previous": 16190, "first_counters": [1057, 0, 0], "last_counters": [1057, 0, 0], "last_driver_result": 512, "mcu_spi_errors": 0, "mcu_bad_commands": 0, "mcu_short_transfers": 0, "elapsed_s": 50.009749545999966, "wire_bytes": 5185024, "verified_pattern_bytes": 4779944, "verified_pattern_Bps": 95580.24272053817, "integrity_pass": true}}
{
  "transfers": 12614,
  "valid_blocks": 12614,
  "bad_headers": 0,
  "bad_payloads": 0,
  "crc_errors": 0,
  "missing_blocks": 0,
  "duplicates": 0,
  "out_of_order": 0,
  "ack_errors": 0,
  "counter_resets": 0,
  "previous": 18677,
  "first_counters": [
    1057,
    0,
    0
  ],
  "last_counters": [
    1057,
    0,
    0
  ],
  "last_driver_result": 512,
  "mcu_spi_errors": 0,
  "mcu_bad_commands": 0,
  "mcu_short_transfers": 0,
  "elapsed_s": 60.010455656999966,
  "wire_bytes": 6458368,
  "verified_pattern_bytes": 5953808,
  "verified_pattern_Bps": 99212.8444088145,
  "integrity_pass": true,
  "device": "/dev/spidev0.0",
  "requested_hz": 3000000,
  "configured_hz": 3000000,
  "block_bytes": 512,
  "gap_us": 0.0,
  "minimum_pattern_Bps": 750000,
  "error": null,
  "throughput_pass": false,
  "pass": false
}
