{"implementation": "c", "source_sha256": "2af04d3f7f2a50a0491083ab324361b6463bc586d55050fb334553f378f21af7"}
progress: transfers=6021 valid=6021 elapsed=10.0
{
  "implementation": "c", "protocol_version": 2,
  "transfers": 6022,
  "valid_blocks": 6022,
  "bad_headers": 0,
  "bad_payloads": 0,
  "crc_errors": 0,
  "missing_blocks": 0,
  "duplicates": 0,
  "out_of_order": 0,
  "ack_errors": 0,
  "counter_resets": 0,
  "mcu_spi_errors": 0,
  "mcu_bad_commands": 0,
  "mcu_short_transfers": 0,
  "mcu_prepare_us_max": 99,
  "mcu_check_us_max": 104,
  "previous": 12434,
  "first_counters": [0,0,0],
  "last_counters": [0,0,0],
  "last_driver_result": 512,
  "last_driver_error": 0,
  "mcu_prepare_us_mean": 99.000000, "mcu_check_us_mean": 104.000000,
  "elapsed_s": 10.002277648, "wire_bytes": 3083264, "wire_Bps": 308256.190,
  "verified_pattern_bytes": 2770120, "verified_pattern_Bps": 276948.921,
  "block_bytes": 512, "pattern_bytes_per_block": 460, "requested_hz": 3500000, "configured_hz": 3500000,
  "gap_us": 250.000, "minimum_pattern_Bps": 750000.000, "error_errno": 0,
  "timing_s": {"prepare": 0.073241454, "exchange": 7.888908470, "check": 0.075610463, "gap": 1.962946657, "ioctl": 7.886162108, "ioctl_max": 0.004781679},
  "integrity_pass": true, "throughput_pass": false, "pass": false
}
