{"implementation": "c", "firmware": "v6_dma", "sketch_sha256": "165df4739d2c8660ed26c3f31d3dd241abf44efbb8e206e280f9396b4ac790ff", "source_sha256": "2af04d3f7f2a50a0491083ab324361b6463bc586d55050fb334553f378f21af7"}
{
  "implementation": "c", "protocol_version": 2,
  "transfers": 938,
  "valid_blocks": 938,
  "bad_headers": 0,
  "bad_payloads": 0,
  "crc_errors": 0,
  "missing_blocks": 0,
  "duplicates": 0,
  "out_of_order": 0,
  "ack_errors": 0,
  "counter_resets": 0,
  "mcu_spi_errors": 0,
  "mcu_bad_commands": 0,
  "mcu_short_transfers": 0,
  "mcu_prepare_us_max": 102,
  "mcu_check_us_max": 110,
  "previous": 937,
  "first_counters": [0,0,0],
  "last_counters": [0,0,0],
  "last_driver_result": 512,
  "last_driver_error": 0,
  "mcu_prepare_us_mean": 95.916844, "mcu_check_us_mean": 103.901919,
  "elapsed_s": 5.008818459, "wire_bytes": 480256, "wire_Bps": 95882.094,
  "verified_pattern_bytes": 431480, "verified_pattern_Bps": 86144.068,
  "block_bytes": 512, "pattern_bytes_per_block": 460, "requested_hz": 1000000, "configured_hz": 1000000,
  "gap_us": 1000.000, "minimum_pattern_Bps": 750000.000, "error_errno": 0,
  "timing_s": {"prepare": 0.011884427, "exchange": 3.972117478, "check": 0.012303463, "gap": 1.012213002, "ioctl": 3.971637286, "ioctl_max": 0.008824797},
  "integrity_pass": true, "throughput_pass": false, "pass": false
}
