{"implementation": "c", "firmware": "v6_irq", "sketch_sha256": "466260a7421e552c75b30dede401d879e4765fefe52aa14d106ba1cb2e074538", "source_sha256": "363dbbf38f8a1aa84607e60ac21f6da31eefe2bb4df9a1fe0bcb87b10d9ce8a8"}
progress: transfers=17930 valid=17930 elapsed=10.0
progress: transfers=35856 valid=35856 elapsed=20.0
progress: transfers=53766 valid=53766 elapsed=30.0
progress: transfers=71720 valid=71720 elapsed=40.0
progress: transfers=89606 valid=89606 elapsed=50.0
progress: transfers=107528 valid=107528 elapsed=60.0
progress: transfers=125441 valid=125441 elapsed=70.0
progress: transfers=143393 valid=143393 elapsed=80.0
progress: transfers=161310 valid=161310 elapsed=90.0
progress: transfers=179218 valid=179218 elapsed=100.0
progress: transfers=197107 valid=197107 elapsed=110.0
{
  "implementation": "c", "protocol_version": 2,
  "transfers": 215002,
  "valid_blocks": 215002,
  "bad_headers": 0,
  "bad_payloads": 0,
  "crc_errors": 0,
  "missing_blocks": 0,
  "duplicates": 0,
  "out_of_order": 0,
  "ack_errors": 0,
  "counter_resets": 0,
  "mcu_spi_errors": 0,
  "mcu_bad_commands": 0,
  "mcu_short_transfers": 0,
  "mcu_prepare_us_max": 99,
  "mcu_check_us_max": 117,
  "previous": 234006,
  "first_counters": [0,0,0],
  "last_counters": [0,0,0],
  "last_driver_result": 512,
  "last_driver_error": 0,
  "mcu_prepare_us_mean": 99.000000, "mcu_check_us_mean": 110.000163,
  "elapsed_s": 120.000778313, "wire_bytes": 110081024, "wire_Bps": 917335.917,
  "verified_pattern_bytes": 98900920, "verified_pattern_Bps": 824168.988,
  "block_bytes": 512, "pattern_bytes_per_block": 460, "requested_hz": 20000000, "configured_hz": 20000000,
  "gap_us": 0.000, "minimum_pattern_Bps": 750000.000, "error_errno": 0,
  "timing_s": {"prepare": 1.763797904, "exchange": 66.612576984, "check": 1.827570754, "gap": 0.031035527, "ioctl": 66.494676606, "ioctl_max": 0.002107865},
  "ready_enabled": true, "ready_wait_s": 49.731983364, "ready_wait_max_s": 0.003511615,
  "integrity_pass": true, "throughput_pass": true, "pass": true
}
