{"implementation": "c", "source_sha256": "2af04d3f7f2a50a0491083ab324361b6463bc586d55050fb334553f378f21af7"}
progress: transfers=6412 valid=6412 elapsed=10.0
{
  "implementation": "c", "protocol_version": 2,
  "transfers": 6413,
  "valid_blocks": 6413,
  "bad_headers": 0,
  "bad_payloads": 0,
  "crc_errors": 0,
  "missing_blocks": 0,
  "duplicates": 0,
  "out_of_order": 0,
  "ack_errors": 0,
  "counter_resets": 0,
  "mcu_spi_errors": 0,
  "mcu_bad_commands": 0,
  "mcu_short_transfers": 0,
  "mcu_prepare_us_max": 99,
  "mcu_check_us_max": 104,
  "previous": 6412,
  "first_counters": [0,0,0],
  "last_counters": [0,0,0],
  "last_driver_result": 512,
  "last_driver_error": 0,
  "mcu_prepare_us_mean": 98.984563, "mcu_check_us_mean": 103.983783,
  "elapsed_s": 10.002844648, "wire_bytes": 3283456, "wire_Bps": 328252.224,
  "verified_pattern_bytes": 2949980, "verified_pattern_Bps": 294914.107,
  "block_bytes": 512, "pattern_bytes_per_block": 460, "requested_hz": 3800000, "configured_hz": 3800000,
  "gap_us": 250.000, "minimum_pattern_Bps": 750000.000, "error_errno": 0,
  "timing_s": {"prepare": 0.076402131, "exchange": 7.753181880, "check": 0.079618347, "gap": 2.091933807, "ioctl": 7.750192729, "ioctl_max": 0.003759935},
  "integrity_pass": true, "throughput_pass": false, "pass": false
}
