{"implementation": "c", "firmware": "v6_irq", "sketch_sha256": "466260a7421e552c75b30dede401d879e4765fefe52aa14d106ba1cb2e074538", "source_sha256": "363dbbf38f8a1aa84607e60ac21f6da31eefe2bb4df9a1fe0bcb87b10d9ce8a8"}
progress: transfers=17892 valid=17892 elapsed=10.0
{
  "implementation": "c", "protocol_version": 2,
  "transfers": 17893,
  "valid_blocks": 17893,
  "bad_headers": 0,
  "bad_payloads": 0,
  "crc_errors": 0,
  "missing_blocks": 0,
  "duplicates": 0,
  "out_of_order": 0,
  "ack_errors": 0,
  "counter_resets": 0,
  "mcu_spi_errors": 0,
  "mcu_bad_commands": 0,
  "mcu_short_transfers": 0,
  "mcu_prepare_us_max": 99,
  "mcu_check_us_max": 110,
  "previous": 19004,
  "first_counters": [0,0,0],
  "last_counters": [0,0,0],
  "last_driver_result": 512,
  "last_driver_error": 0,
  "mcu_prepare_us_mean": 99.000000, "mcu_check_us_mean": 110.000000,
  "elapsed_s": 10.000914335, "wire_bytes": 9161216, "wire_Bps": 916037.843,
  "verified_pattern_bytes": 8230780, "verified_pattern_Bps": 823002.750,
  "block_bytes": 512, "pattern_bytes_per_block": 460, "requested_hz": 20000000, "configured_hz": 20000000,
  "gap_us": 0.000, "minimum_pattern_Bps": 750000.000, "error_errno": 0,
  "timing_s": {"prepare": 0.146807452, "exchange": 5.552967481, "check": 0.152047370, "gap": 0.002627242, "ioctl": 5.543128232, "ioctl_max": 0.002418177},
  "ready_enabled": true, "ready_wait_s": 4.143279347, "ready_wait_max_s": 0.000386563,
  "integrity_pass": true, "throughput_pass": true, "pass": true
}
