{"implementation": "c", "source_sha256": "d137e2b3e40caa0497d768e6bfb9d5fd050011b32d7c28cba8d947692e431d84"}
{
  "implementation": "c", "protocol_version": 2,
  "transfers": 3357,
  "valid_blocks": 0,
  "bad_headers": 2685,
  "bad_payloads": 0,
  "crc_errors": 3357,
  "missing_blocks": 0,
  "duplicates": 0,
  "out_of_order": 0,
  "ack_errors": 0,
  "counter_resets": 0,
  "mcu_spi_errors": 0,
  "mcu_bad_commands": 0,
  "mcu_short_transfers": 0,
  "mcu_prepare_us_max": 0,
  "mcu_check_us_max": 0,
  "previous": null,
  "first_counters": null,
  "last_counters": null,
  "last_driver_result": null,
  "last_driver_error": null,
  "mcu_prepare_us_mean": 0.000000, "mcu_check_us_mean": 0.000000,
  "elapsed_s": 5.002019905, "wire_bytes": 1718784, "wire_Bps": 343617.985,
  "verified_pattern_bytes": 0, "verified_pattern_Bps": 0.000,
  "block_bytes": 512, "pattern_bytes_per_block": 460, "requested_hz": 4000000, "configured_hz": 4000000,
  "gap_us": 250.000, "minimum_pattern_Bps": 750000.000, "error_errno": 0,
  "timing_s": {"prepare": 0.042853580, "exchange": 3.839668254, "check": 0.027143013, "gap": 1.091472816, "ioctl": 3.838168713, "ioctl_max": 0.005163296},
  "integrity_pass": false, "throughput_pass": false, "pass": false
}
