{"implementation": "c", "firmware": "v6_irq", "sketch_sha256": "8f21df536e90d3dc7001b4050f43b76a3af1d0bd5400cc028ac568b3ec7284d5", "source_sha256": "dbdebd9a72d827d0ebaf590911e08cef873f60a2ad4784b1d281d16419a54f11"}
{
  "implementation": "c", "protocol_version": 2,
  "transfers": 0,
  "valid_blocks": 0,
  "bad_headers": 0,
  "bad_payloads": 0,
  "crc_errors": 0,
  "missing_blocks": 0,
  "duplicates": 0,
  "out_of_order": 0,
  "ack_errors": 0,
  "counter_resets": 0,
  "mcu_spi_errors": 0,
  "mcu_bad_commands": 0,
  "mcu_short_transfers": 0,
  "mcu_prepare_us_max": 0,
  "mcu_check_us_max": 0,
  "previous": null,
  "first_counters": null,
  "last_counters": null,
  "last_driver_result": null,
  "last_driver_error": null,
  "mcu_prepare_us_mean": 0.000000, "mcu_check_us_mean": 0.000000,
  "elapsed_s": 1.001280948, "wire_bytes": 0, "wire_Bps": 0.000,
  "verified_pattern_bytes": 0, "verified_pattern_Bps": 0.000,
  "block_bytes": 512, "pattern_bytes_per_block": 460, "requested_hz": 1000000, "configured_hz": 1000000,
  "gap_us": 0.000, "minimum_pattern_Bps": 750000.000, "error_errno": 110,
  "timing_s": {"prepare": 0.000000000, "exchange": 0.000000000, "check": 0.000000000, "gap": 0.000000000, "ioctl": 0.000000000, "ioctl_max": 0.000000000},
  "ready_enabled": true, "ready_wait_s": 1.001097117, "ready_wait_max_s": 1.001097117,
  "integrity_pass": false, "throughput_pass": false, "pass": false
}
