{"implementation": "c", "firmware": "v6_dma", "sketch_sha256": "165df4739d2c8660ed26c3f31d3dd241abf44efbb8e206e280f9396b4ac790ff", "source_sha256": "2af04d3f7f2a50a0491083ab324361b6463bc586d55050fb334553f378f21af7"}
progress: transfers=17675 valid=17675 elapsed=10.0
progress: transfers=35359 valid=35359 elapsed=20.0
progress: transfers=53048 valid=53048 elapsed=30.0
progress: transfers=70727 valid=70727 elapsed=40.0
progress: transfers=88415 valid=88415 elapsed=50.0
progress: transfers=106098 valid=106098 elapsed=60.0
progress: transfers=123781 valid=123781 elapsed=70.0
progress: transfers=141490 valid=141490 elapsed=80.0
progress: transfers=159183 valid=159183 elapsed=90.0
progress: transfers=176859 valid=176859 elapsed=100.0
progress: transfers=194550 valid=194550 elapsed=110.0
{
  "implementation": "c", "protocol_version": 2,
  "transfers": 212221,
  "valid_blocks": 212221,
  "bad_headers": 0,
  "bad_payloads": 0,
  "crc_errors": 0,
  "missing_blocks": 0,
  "duplicates": 0,
  "out_of_order": 0,
  "ack_errors": 0,
  "counter_resets": 0,
  "mcu_spi_errors": 0,
  "mcu_bad_commands": 0,
  "mcu_short_transfers": 0,
  "mcu_prepare_us_max": 102,
  "mcu_check_us_max": 110,
  "previous": 271253,
  "first_counters": [0,0,0],
  "last_counters": [0,0,0],
  "last_driver_result": 512,
  "last_driver_error": 0,
  "mcu_prepare_us_mean": 96.028923, "mcu_check_us_mean": 104.031382,
  "elapsed_s": 120.000625451, "wire_bytes": 108657152, "wire_Bps": 905471.547,
  "verified_pattern_bytes": 97621660, "verified_pattern_Bps": 813509.593,
  "block_bytes": 512, "pattern_bytes_per_block": 460, "requested_hz": 20000000, "configured_hz": 20000000,
  "gap_us": 150.000, "minimum_pattern_Bps": 750000.000, "error_errno": 0,
  "timing_s": {"prepare": 2.681174094, "exchange": 66.888407308, "check": 2.750035717, "gap": 47.628483991, "ioctl": 66.799176407, "ioctl_max": 0.002351304},
  "integrity_pass": true, "throughput_pass": true, "pass": true
}
