{"implementation": "c", "firmware": "v6_polling", "sketch_sha256": "7ced0196b1deca94ac8eba06b3fcb7578789d917f61cf6f20d9f86ea1b675b25", "source_sha256": "2af04d3f7f2a50a0491083ab324361b6463bc586d55050fb334553f378f21af7"}
progress: transfers=8738 valid=8738 elapsed=10.0
{
  "implementation": "c", "protocol_version": 2,
  "transfers": 8739,
  "valid_blocks": 8739,
  "bad_headers": 0,
  "bad_payloads": 0,
  "crc_errors": 0,
  "missing_blocks": 0,
  "duplicates": 0,
  "out_of_order": 0,
  "ack_errors": 0,
  "counter_resets": 0,
  "mcu_spi_errors": 0,
  "mcu_bad_commands": 0,
  "mcu_short_transfers": 0,
  "mcu_prepare_us_max": 102,
  "mcu_check_us_max": 116,
  "previous": 32107,
  "first_counters": [3,0,0],
  "last_counters": [3,0,0],
  "last_driver_result": 512,
  "last_driver_error": -122919,
  "mcu_prepare_us_mean": 96.025403, "mcu_check_us_mean": 110.034329,
  "elapsed_s": 10.001854906, "wire_bytes": 4474368, "wire_Bps": 447353.820,
  "verified_pattern_bytes": 4019940, "verified_pattern_Bps": 401919.448,
  "block_bytes": 512, "pattern_bytes_per_block": 460, "requested_hz": 6000000, "configured_hz": 6000000,
  "gap_us": 250.000, "minimum_pattern_Bps": 750000.000, "error_errno": 0,
  "timing_s": {"prepare": 0.110020834, "exchange": 6.960315937, "check": 0.112457321, "gap": 2.816859718, "ioctl": 6.956552389, "ioctl_max": 0.003175581},
  "integrity_pass": true, "throughput_pass": false, "pass": false
}
