{"implementation": "c", "firmware": "v6_dma", "sketch_sha256": "165df4739d2c8660ed26c3f31d3dd241abf44efbb8e206e280f9396b4ac790ff", "source_sha256": "2af04d3f7f2a50a0491083ab324361b6463bc586d55050fb334553f378f21af7"}
progress: transfers=17662 valid=17662 elapsed=10.0
{
  "implementation": "c", "protocol_version": 2,
  "transfers": 17663,
  "valid_blocks": 17663,
  "bad_headers": 0,
  "bad_payloads": 0,
  "crc_errors": 0,
  "missing_blocks": 0,
  "duplicates": 0,
  "out_of_order": 0,
  "ack_errors": 0,
  "counter_resets": 0,
  "mcu_spi_errors": 0,
  "mcu_bad_commands": 0,
  "mcu_short_transfers": 0,
  "mcu_prepare_us_max": 102,
  "mcu_check_us_max": 110,
  "previous": 59032,
  "first_counters": [0,0,0],
  "last_counters": [0,0,0],
  "last_driver_result": 512,
  "last_driver_error": 0,
  "mcu_prepare_us_mean": 96.027515, "mcu_check_us_mean": 104.031591,
  "elapsed_s": 10.000709019, "wire_bytes": 9043456, "wire_Bps": 904281.485,
  "verified_pattern_bytes": 8124980, "verified_pattern_Bps": 812440.396,
  "block_bytes": 512, "pattern_bytes_per_block": 460, "requested_hz": 20000000, "configured_hz": 20000000,
  "gap_us": 150.000, "minimum_pattern_Bps": 750000.000, "error_errno": 0,
  "timing_s": {"prepare": 0.224332067, "exchange": 5.574257704, "check": 0.231223994, "gap": 3.966423963, "ioctl": 5.566940433, "ioctl_max": 0.001430743},
  "integrity_pass": true, "throughput_pass": true, "pass": true
}
