{"implementation": "c", "source_sha256": "d137e2b3e40caa0497d768e6bfb9d5fd050011b32d7c28cba8d947692e431d84"}
progress: transfers=5446 valid=5446 elapsed=10.0
progress: transfers=10894 valid=10894 elapsed=20.0
progress: transfers=16346 valid=16346 elapsed=30.0
progress: transfers=21796 valid=21796 elapsed=40.0
progress: transfers=27244 valid=27244 elapsed=50.0
{
  "implementation": "c", "protocol_version": 2,
  "transfers": 32689,
  "valid_blocks": 32689,
  "bad_headers": 0,
  "bad_payloads": 0,
  "crc_errors": 0,
  "missing_blocks": 0,
  "duplicates": 0,
  "out_of_order": 0,
  "ack_errors": 0,
  "counter_resets": 0,
  "mcu_spi_errors": 0,
  "mcu_bad_commands": 0,
  "mcu_short_transfers": 0,
  "mcu_prepare_us_max": 99,
  "mcu_check_us_max": 111,
  "previous": 48687,
  "first_counters": [672,0,0],
  "last_counters": [672,0,0],
  "last_driver_result": 512,
  "last_driver_error": -5,
  "mcu_prepare_us_mean": 99.000000, "mcu_check_us_mean": 104.000642,
  "elapsed_s": 60.002118339, "wire_bytes": 16736768, "wire_Bps": 278936.285,
  "verified_pattern_bytes": 15036940, "verified_pattern_Bps": 250606.819,
  "block_bytes": 512, "pattern_bytes_per_block": 460, "requested_hz": 3000000, "configured_hz": 3000000,
  "gap_us": 250.000, "minimum_pattern_Bps": 750000.000, "error_errno": 0,
  "timing_s": {"prepare": 0.411183699, "exchange": 48.534432262, "check": 0.420752501, "gap": 10.627660853, "ioctl": 48.520664168, "ioctl_max": 0.003029571},
  "integrity_pass": true, "throughput_pass": false, "pass": false
}
