{"progress": {"transfers": 1747, "valid_blocks": 1747, "bad_headers": 0, "bad_payloads": 0, "crc_errors": 0, "missing_blocks": 0, "duplicates": 0, "out_of_order": 0, "ack_errors": 0, "counter_resets": 0, "previous": 3918, "first_counters": [1057, 0, 0], "last_counters": [1057, 0, 0], "last_driver_result": 512, "mcu_spi_errors": 0, "mcu_bad_commands": 0, "mcu_short_transfers": 0, "elapsed_s": 10.003256700000065, "wire_bytes": 894464, "verified_pattern_bytes": 824584, "verified_pattern_Bps": 82431.55451564035, "integrity_pass": true}}
{
  "transfers": 1748,
  "valid_blocks": 1748,
  "bad_headers": 0,
  "bad_payloads": 0,
  "crc_errors": 0,
  "missing_blocks": 0,
  "duplicates": 0,
  "out_of_order": 0,
  "ack_errors": 0,
  "counter_resets": 0,
  "previous": 3919,
  "first_counters": [
    1057,
    0,
    0
  ],
  "last_counters": [
    1057,
    0,
    0
  ],
  "last_driver_result": 512,
  "mcu_spi_errors": 0,
  "mcu_bad_commands": 0,
  "mcu_short_transfers": 0,
  "elapsed_s": 10.01104964600006,
  "wire_bytes": 894976,
  "verified_pattern_bytes": 825056,
  "verified_pattern_Bps": 82414.53485645766,
  "integrity_pass": true,
  "device": "/dev/spidev0.0",
  "requested_hz": 2000000,
  "configured_hz": 2000000,
  "block_bytes": 512,
  "gap_us": 0.0,
  "minimum_pattern_Bps": 750000,
  "error": null,
  "throughput_pass": false,
  "pass": false
}
