{"implementation": "c", "firmware": "v6_irq", "sketch_sha256": "466260a7421e552c75b30dede401d879e4765fefe52aa14d106ba1cb2e074538", "source_sha256": "363dbbf38f8a1aa84607e60ac21f6da31eefe2bb4df9a1fe0bcb87b10d9ce8a8"}
{
  "implementation": "c", "protocol_version": 2,
  "transfers": 1112,
  "valid_blocks": 1112,
  "bad_headers": 0,
  "bad_payloads": 0,
  "crc_errors": 0,
  "missing_blocks": 0,
  "duplicates": 0,
  "out_of_order": 0,
  "ack_errors": 0,
  "counter_resets": 0,
  "mcu_spi_errors": 0,
  "mcu_bad_commands": 0,
  "mcu_short_transfers": 0,
  "mcu_prepare_us_max": 99,
  "mcu_check_us_max": 110,
  "previous": 1111,
  "first_counters": [0,0,0],
  "last_counters": [0,0,0],
  "last_driver_result": 512,
  "last_driver_error": 0,
  "mcu_prepare_us_mean": 98.910971, "mcu_check_us_mean": 109.901079,
  "elapsed_s": 5.006206286, "wire_bytes": 569344, "wire_Bps": 113727.635,
  "verified_pattern_bytes": 511520, "verified_pattern_Bps": 102177.172,
  "block_bytes": 512, "pattern_bytes_per_block": 460, "requested_hz": 1000000, "configured_hz": 1000000,
  "gap_us": 0.000, "minimum_pattern_Bps": 750000.000, "error_errno": 0,
  "timing_s": {"prepare": 0.018518199, "exchange": 4.720834105, "check": 0.019692653, "gap": 0.000358232, "ioctl": 4.719746759, "ioctl_max": 0.005288533},
  "ready_enabled": true, "ready_wait_s": 0.246151340, "ready_wait_max_s": 0.000297919,
  "integrity_pass": true, "throughput_pass": false, "pass": false
}
