{
  "transfers": 622,
  "valid_blocks": 622,
  "bad_headers": 0,
  "bad_payloads": 0,
  "crc_errors": 0,
  "missing_blocks": 0,
  "duplicates": 0,
  "out_of_order": 0,
  "ack_errors": 0,
  "counter_resets": 0,
  "previous": 1644,
  "first_counters": [
    530,
    0,
    0
  ],
  "last_counters": [
    530,
    0,
    0
  ],
  "last_driver_result": 512,
  "mcu_spi_errors": 0,
  "mcu_bad_commands": 0,
  "mcu_short_transfers": 0,
  "elapsed_s": 5.013930933999973,
  "wire_bytes": 318464,
  "verified_pattern_bytes": 293584,
  "verified_pattern_Bps": 58553.65856940254,
  "integrity_pass": true,
  "device": "/dev/spidev0.0",
  "requested_hz": 2000000,
  "configured_hz": 2000000,
  "block_bytes": 512,
  "gap_us": 1000.0,
  "minimum_pattern_Bps": 750000,
  "error": null,
  "throughput_pass": false,
  "pass": false
}
