{"implementation": "c", "firmware": "v6_polling", "sketch_sha256": "0fe879281ae13cfe2820e5ef60c6123ff62e0daa7e9441e8c2a1760dc1c31e0d", "source_sha256": "2af04d3f7f2a50a0491083ab324361b6463bc586d55050fb334553f378f21af7"}
{
  "implementation": "c", "protocol_version": 2,
  "transfers": 938,
  "valid_blocks": 938,
  "bad_headers": 0,
  "bad_payloads": 0,
  "crc_errors": 0,
  "missing_blocks": 0,
  "duplicates": 0,
  "out_of_order": 0,
  "ack_errors": 5,
  "counter_resets": 0,
  "mcu_spi_errors": 5,
  "mcu_bad_commands": 0,
  "mcu_short_transfers": 5,
  "mcu_prepare_us_max": 102,
  "mcu_check_us_max": 116,
  "previous": 937,
  "first_counters": [0,0,0],
  "last_counters": [5,0,5],
  "last_driver_result": 512,
  "last_driver_error": -122,
  "mcu_prepare_us_mean": 95.936034, "mcu_check_us_mean": 109.321962,
  "elapsed_s": 5.008965632, "wire_bytes": 480256, "wire_Bps": 95879.276,
  "verified_pattern_bytes": 431480, "verified_pattern_Bps": 86141.537,
  "block_bytes": 512, "pattern_bytes_per_block": 460, "requested_hz": 1000000, "configured_hz": 1000000,
  "gap_us": 1000.000, "minimum_pattern_Bps": 750000.000, "error_errno": 0,
  "timing_s": {"prepare": 0.011404797, "exchange": 3.972927987, "check": 0.011904851, "gap": 1.012430839, "ioctl": 3.972424301, "ioctl_max": 0.006515622},
  "integrity_pass": false, "throughput_pass": false, "pass": false
}
