{"implementation": "c", "firmware": "v6_polling", "sketch_sha256": "7ced0196b1deca94ac8eba06b3fcb7578789d917f61cf6f20d9f86ea1b675b25", "source_sha256": "2af04d3f7f2a50a0491083ab324361b6463bc586d55050fb334553f378f21af7"}
progress: transfers=6422 valid=6422 elapsed=10.0
{
  "implementation": "c", "protocol_version": 2,
  "transfers": 6423,
  "valid_blocks": 6423,
  "bad_headers": 0,
  "bad_payloads": 0,
  "crc_errors": 0,
  "missing_blocks": 0,
  "duplicates": 0,
  "out_of_order": 0,
  "ack_errors": 0,
  "counter_resets": 0,
  "mcu_spi_errors": 0,
  "mcu_bad_commands": 0,
  "mcu_short_transfers": 0,
  "mcu_prepare_us_max": 102,
  "mcu_check_us_max": 116,
  "previous": 6422,
  "first_counters": [0,0,0],
  "last_counters": [0,0,0],
  "last_driver_result": 512,
  "last_driver_error": 0,
  "mcu_prepare_us_mean": 96.014946, "mcu_check_us_mean": 110.015569,
  "elapsed_s": 10.002265633, "wire_bytes": 3288576, "wire_Bps": 328783.110,
  "verified_pattern_bytes": 2954580, "verified_pattern_Bps": 295391.075,
  "block_bytes": 512, "pattern_bytes_per_block": 460, "requested_hz": 3800000, "configured_hz": 3800000,
  "gap_us": 250.000, "minimum_pattern_Bps": 750000.000, "error_errno": 0,
  "timing_s": {"prepare": 0.081319330, "exchange": 7.745150538, "check": 0.082880895, "gap": 2.091212081, "ioctl": 7.742292097, "ioctl_max": 0.003233634},
  "integrity_pass": true, "throughput_pass": false, "pass": false
}
