{
  "transfers": 1061,
  "valid_blocks": 0,
  "bad_headers": 534,
  "bad_payloads": 0,
  "crc_errors": 1061,
  "missing_blocks": 0,
  "duplicates": 0,
  "out_of_order": 0,
  "ack_errors": 0,
  "counter_resets": 0,
  "previous": null,
  "first_counters": null,
  "last_counters": null,
  "last_driver_result": null,
  "mcu_spi_errors": 0,
  "mcu_bad_commands": 0,
  "mcu_short_transfers": 0,
  "elapsed_s": 5.007999023000025,
  "wire_bytes": 543232,
  "verified_pattern_bytes": 0,
  "verified_pattern_Bps": 0.0,
  "integrity_pass": false,
  "device": "/dev/spidev0.0",
  "requested_hz": 4000000,
  "configured_hz": 4000000,
  "block_bytes": 512,
  "gap_us": 1000.0,
  "minimum_pattern_Bps": 750000,
  "error": null,
  "throughput_pass": false,
  "pass": false
}
