PERFIL 14 40000
PROGRESO 92 29
PERFIL 14 50000
PROGRESO 96 31
PERFIL 14 62500
PROGRESO 100 32
PERFIL 14 100000
PROGRESO 104 34
PERFIL 14 125000
PROGRESO 108 35
PERFIL 16 40000
PROGRESO 112 38
PERFIL 16 50000
PROGRESO 116 41
PERFIL 16 62500
PROGRESO 120 43
qt.qpa.fonts: Populating font family aliases took 129 ms. Replace uses of missing font family "Sans Serif" with one that exists to avoid this cost. 
Restaurado ADC14/40 kHz; cierre con salida apagada
Reporte: /Users/fmgarciadiaz/Documents/Development/Electronica/0Fergd/SerialPythonMonitor/diagnosticos/resultados_bode/20261007_002031_calibracion_completa.json
MATRIZ COMPLETA /Users/fmgarciadiaz/Documents/Development/Electronica/0Fergd/SerialPythonMonitor/diagnosticos/resultados_bode/20261007_002031_calibracion_completa.json
