Open On-Chip Debugger 0.12.0+dev-ge6a2c12f4 (2025-05-22-15:51)
Licensed under GNU GPL v2
For bug reports, read
	http://openocd.org/doc/doxygen/bugs.html
clock_config
Info : Linux GPIOD JTAG/SWD bitbang driver (libgpiod v2)
Info : Note: The adapter "linuxgpiod" doesn't support configurable speed
Info : SWD DPIDR 0x0be12477
Info : [stm32u5.ap0] Examination succeed
Info : [stm32u5.cpu] Cortex-M33 r0p4 processor detected
Info : [stm32u5.cpu] target has 8 breakpoints, 4 watchpoints
Info : [stm32u5.cpu] Examination succeed
Info : [stm32u5.ap0] gdb port disabled
Info : [stm32u5.cpu] starting gdb server on 3333
Info : Listening on port 3333 for gdb connections
RCC
0x60001 0x4010f 0x0 0x101024f 0x0 0x3010218 0x0 0x1010280
MUX
0x2000
ADC
0x0
DAC
0x4000
shutdown command invoked
