UNO Q stream: 127.0.0.1:8765, SPI 20 MHz, SCP1 dual ADC/control
valid=5928 pairs=311296 dropped=0
valid=11856 pairs=622592 dropped=0
PC connected at seq=21132
valid=15678 pairs=823296 dropped=0
valid=19929 pairs=1046528 dropped=0
valid=26162 pairs=1373856 dropped=0
PC closed or rejected; acquisition continues
valid=34710 pairs=1822720 dropped=0
valid=40639 pairs=2134069 dropped=0
PC connected at seq=65545
valid=44187 pairs=2320384 dropped=0
PC closed or rejected; acquisition continues
valid=49491 pairs=2598912 dropped=0
valid=55434 pairs=2911003 dropped=0
valid=61386 pairs=3223552 dropped=0
valid=67329 pairs=3535643 dropped=0
PC connected at seq=114613
valid=73281 pairs=3848192 dropped=0
valid=75580 pairs=3968937 dropped=0
valid=79858 pairs=4193581 dropped=0
PC closed or rejected; acquisition continues
valid=85800 pairs=4505600 dropped=0
valid=91755 pairs=4818327 dropped=0
valid=97695 pairs=5130240 dropped=0
valid=103649 pairs=5442914 dropped=0
valid=109590 pairs=5754880 dropped=0
valid=115546 pairs=6067660 dropped=0
valid=121485 pairs=6379520 dropped=0
valid=127442 pairs=6692353 dropped=0
valid=133380 pairs=7004160 dropped=0
valid=139339 pairs=7317099 dropped=0
valid=145275 pairs=7628800 dropped=0
valid=151232 pairs=7941633 dropped=0
PC connected at seq=249155
valid=157170 pairs=8253440 dropped=0
valid=163084 pairs=8564013 dropped=0
valid=171007 pairs=8980075 dropped=0
valid=180524 pairs=9479840 dropped=0
valid=190038 pairs=9979446 dropped=0
valid=199555 pairs=10479211 dropped=0
valid=209070 pairs=10978870 dropped=0
valid=217113 pairs=11401216 dropped=0
valid=221715 pairs=11642880 dropped=0
valid=231231 pairs=12142592 dropped=0
valid=240747 pairs=12642304 dropped=0
valid=250263 pairs=13142016 dropped=0
valid=259779 pairs=13641728 dropped=0
valid=269295 pairs=14141440 dropped=0
valid=278811 pairs=14641152 dropped=0
valid=288327 pairs=15140864 dropped=0
valid=297843 pairs=15640576 dropped=0
valid=307925 pairs=16170020 dropped=0
valid=319821 pairs=16794713 dropped=0
valid=331716 pairs=17419353 dropped=0
valid=343610 pairs=18043940 dropped=0
valid=355504 pairs=18668527 dropped=0
valid=367400 pairs=19293220 dropped=0
valid=379297 pairs=19917966 dropped=0
valid=391192 pairs=20542606 dropped=0
valid=399220 pairs=20964176 dropped=0
valid=404158 pairs=21223477 dropped=0
valid=408915 pairs=21473280 dropped=0
valid=414858 pairs=21785371 dropped=0
valid=420810 pairs=22097920 dropped=0
valid=426753 pairs=22410011 dropped=0
valid=431656 pairs=22667476 dropped=0
valid=435279 pairs=22857728 dropped=0
valid=436228 pairs=22907569 dropped=0
valid=439023 pairs=23054336 dropped=0
valid=448509 pairs=23552477 dropped=0
valid=460404 pairs=24177117 dropped=0
valid=472299 pairs=24801757 dropped=0
Dual acquisition/control integrity failure at seq=657428
