[INFO] Stopping app "Scope WAV V12 Audio"
[INFO]  Container scope-wav-v12-audio-main-1  Stopping
[INFO]  Container scope-wav-v12-audio-main-1  Stopped
Progress[]: 100%
✓ App '"Scope WAV V12 Audio" stopped successfully.
[INFO] Starting app "Scope WAV V12 Audio"
Progress[preparing]: 0%
Progress[sketch compiling and uploading]: 0%
[INFO] Sketch profile configured: Name="default", Port=""
[INFO] The library Arduino_RouterBridge has been added from sketch project.
[INFO] The library Arduino_RPClite has been added from sketch project.
[INFO] The library MsgPack has been added from sketch project.
[INFO] The library DebugLog has been added from sketch project.
[INFO] The library ArxTypeTraits has been added from sketch project.
[INFO] The library ArxContainer has been added from sketch project.
[INFO] Sketch uses 108128 bytes (13%) of program storage space. Maximum is 786432 bytes.
[INFO] Global variables use 192656 bytes (73%) of dynamic memory, leaving 69488 bytes for local variables. Maximum is 262144 bytes.
[INFO] Board platform: arduino:zephyr (1.0.0) in /home/arduino/.arduino15/internal/arduino_zephyr_1.0.0_280fc2760e675f10
[INFO] Used library Arduino_RouterBridge (0.4.3) in /home/arduino/.arduino15/internal/Arduino_RouterBridge_0.4.3_456a4ab6b378b066/Arduino_RouterBridge
[INFO] Used library Arduino_RPClite (0.3.1) in /home/arduino/.arduino15/internal/Arduino_RPClite_0.3.1_3aaf611bc915560f/Arduino_RPClite
[INFO] Used library MsgPack (0.4.2) in /home/arduino/.arduino15/internal/MsgPack_0.4.2_a0d4adc5044d022c/MsgPack
[INFO] Used library DebugLog (0.8.4) in /home/arduino/.arduino15/internal/DebugLog_0.8.4_c199e2cf6415ecc8/DebugLog
[INFO] Used library ArxTypeTraits (0.3.2) in /home/arduino/.arduino15/internal/ArxTypeTraits_0.3.2_d65e2aabfeed7838/ArxTypeTraits
[INFO] Used library ArxContainer (0.7.0) in /home/arduino/.arduino15/internal/ArxContainer_0.7.0_007f0bb2a1cdefe3/ArxContainer
[INFO] Open On-Chip Debugger 0.12.0+dev-ge6a2c12f4 (2025-05-22-15:51)
[INFO] Licensed under GNU GPL v2
[INFO] For bug reports, read
[INFO] 	http://openocd.org/doc/doxygen/bugs.html
[INFO] debug_level: 2
[INFO] clock_config
[INFO] /tmp/remoteocd/zephyr-arduino_uno_q_stm32u585xx.elf
[INFO] /tmp/remoteocd/zephyr-arduino_uno_q_stm32u585xx.elf
[INFO] /tmp/remoteocd/sketch.ino.elf-zsk.bin
[INFO] Info : Linux GPIOD JTAG/SWD bitbang driver (libgpiod v2)
[INFO] Info : Note: The adapter "linuxgpiod" doesn't support configurable speed
[INFO] Info : SWD DPIDR 0x0be12477
[INFO] Info : [stm32u5.ap0] Examination succeed
[INFO] Info : [stm32u5.cpu] Cortex-M33 r0p4 processor detected
[INFO] Info : [stm32u5.cpu] target has 8 breakpoints, 4 watchpoints
[INFO] Info : [stm32u5.cpu] Examination succeed
[INFO] Info : [stm32u5.ap0] gdb port disabled
[INFO] Info : [stm32u5.cpu] starting gdb server on 3333
[INFO] Info : Listening on port 3333 for gdb connections
[INFO] CPU in Non-Secure state
[INFO] [stm32u5.cpu] halted due to debug-request, current mode: Thread 
[INFO] xPSR: 0x41000000 pc: 0x08017f58 psp: 0x20002820
[INFO] Info : device idcode = 0x30076482 (STM32U57/U58xx - Rev U : 0x3007)
[INFO] Info : TZEN = 0 : TrustZone disabled by option bytes
[INFO] Info : RDP level 0 (0xAA)
[INFO] Info : flash size = 2048 KiB
[INFO] Info : flash mode : dual-bank
[INFO] shutdown command invoked
time="2026-10-06T12:21:31Z" level=error msg="Stopped decode loop: EOF" discovery="builtin:serial-discovery"
Progress[sketch updated]: 10%
time="2026-10-06T12:21:31Z" level=error msg="Stopped decode loop: EOF" discovery="builtin:mdns-discovery"
[INFO] python provisioning
Progress[python provisioning]: 10%
[INFO] python downloading
[INFO]  Container scope-wav-v12-audio-main-1  Created
[INFO]  Container scope-wav-v12-audio-main-1  Starting
[INFO]  Container scope-wav-v12-audio-main-1  Started
Progress[]: 100%
✓ App "Scope WAV V12 Audio" started successfully
680a682ba35243710a3e8155337442386b3b0700564401b2158dcc8dc59c4e64
UNO Q stream: 127.0.0.1:8766, SPI 32 MHz, SCP1 dual ADC/control
READY wait: Connection timed out
Traceback (most recent call last):
  File "<string>", line 1, in <module>
    import os,runpy,sys; os.environ["UNOQ_SERIAL"]=sys.argv.pop(1); sys.argv.pop(0); sys.path.insert(0,os.path.dirname(sys.argv[0])); runpy.run_path(sys.argv[0],run_name="__main__")
                                                                                                                                      ~~~~~~~~~~~~~~^^^^^^^^^^^^^^^^^^^^^^^^^^^^^^^^^
  File "<frozen runpy>", line 287, in run_path
  File "<frozen runpy>", line 98, in _run_module_code
  File "<frozen runpy>", line 88, in _run_code
  File "/Users/fmgarciadiaz/Documents/Development/Electronica/0Fergd/SerialPythonMonitor/tools/usb_stream.py", line 112, in <module>
    main()
    ~~~~^^
  File "/Users/fmgarciadiaz/Documents/Development/Electronica/0Fergd/SerialPythonMonitor/tools/usb_stream.py", line 80, in main
    raise RuntimeError('El relay no quedó en ejecución.')
RuntimeError: El relay no quedó en ejecución.
