Comprobando Q y aplicaciones…
device
Validando y compilando firmware MCU…
/Users/fmgarciadiaz/Documents/Development/Electronica/0Fergd/SerialPythonMonitor/arduino/v13_pulse/oscilloscope/app.yaml: 1 file pushed, 0 skipped. 1.3 MB/s (147 bytes in 0.000s)
/Users/fmgarciadiaz/Documents/Development/Electronica/0Fergd/SerialPythonMonitor/arduino/v13_pulse/oscilloscope/python/main.py: 1 file pushed, 0 skipped. 2.6 MB/s (280 bytes in 0.000s)
/Users/fmgarciadiaz/Documents/Development/Electronica/0Fergd/SerialPythonMonitor/arduino/v13_pulse/oscilloscope/sketch/acquisition.h: 1 file pushed, 0 skipped. 96.5 MB/s (19948 bytes in 0.000s)
/Users/fmgarciadiaz/Documents/Development/Electronica/0Fergd/SerialPythonMonitor/arduino/v13_pulse/oscilloscope/sketch/acquisition_protocol.h: 1 file pushed, 0 skipped. 23.4 MB/s (2732 bytes in 0.000s)
/Users/fmgarciadiaz/Documents/Development/Electronica/0Fergd/SerialPythonMonitor/arduino/v13_pulse/oscilloscope/sketch/benchmark_protocol.h: 1 file pushed, 0 skipped. 49.0 MB/s (7610 bytes in 0.000s)
/Users/fmgarciadiaz/Documents/Development/Electronica/0Fergd/SerialPythonMonitor/arduino/v13_pulse/oscilloscope/sketch/control_protocol.h: 1 file pushed, 0 skipped. 14.9 MB/s (3036 bytes in 0.000s)
/Users/fmgarciadiaz/Documents/Development/Electronica/0Fergd/SerialPythonMonitor/arduino/v13_pulse/oscilloscope/sketch/generator.h: 1 file pushed, 0 skipped. 44.3 MB/s (6657 bytes in 0.000s)
/Users/fmgarciadiaz/Documents/Development/Electronica/0Fergd/SerialPythonMonitor/arduino/v13_pulse/oscilloscope/sketch/generator_dma.h: 1 file pushed, 0 skipped. 35.1 MB/s (4412 bytes in 0.000s)
/Users/fmgarciadiaz/Documents/Development/Electronica/0Fergd/SerialPythonMonitor/arduino/v13_pulse/oscilloscope/sketch/generator_protocol.h: 1 file pushed, 0 skipped. 23.2 MB/s (2938 bytes in 0.000s)
/Users/fmgarciadiaz/Documents/Development/Electronica/0Fergd/SerialPythonMonitor/arduino/v13_pulse/oscilloscope/sketch/generator_timing.h: 1 file pushed, 0 skipped. 6.8 MB/s (876 bytes in 0.000s)
/Users/fmgarciadiaz/Documents/Development/Electronica/0Fergd/SerialPythonMonitor/arduino/v13_pulse/oscilloscope/sketch/scope_config.h: 1 file pushed, 0 skipped. 21.7 MB/s (2665 bytes in 0.000s)
/Users/fmgarciadiaz/Documents/Development/Electronica/0Fergd/SerialPythonMonitor/arduino/v13_pulse/oscilloscope/sketch/scope_protocol.h: 1 file pushed, 0 skipped. 5.0 MB/s (658 bytes in 0.000s)
/Users/fmgarciadiaz/Documents/Development/Electronica/0Fergd/SerialPythonMonitor/arduino/v13_pulse/oscilloscope/sketch/sketch.ino: 1 file pushed, 0 skipped. 110.1 MB/s (20989 bytes in 0.000s)
/Users/fmgarciadiaz/Documents/Development/Electronica/0Fergd/SerialPythonMonitor/arduino/v13_pulse/oscilloscope/sketch/sketch.yaml: 1 file pushed, 0 skipped. 2.4 MB/s (295 bytes in 0.000s)
/Users/fmgarciadiaz/Documents/Development/Electronica/0Fergd/SerialPythonMonitor/arduino/v13_pulse/oscilloscope/sketch/wav.h: 1 file pushed, 0 skipped. 38.0 MB/s (4679 bytes in 0.000s)
/Users/fmgarciadiaz/Documents/Development/Electronica/0Fergd/SerialPythonMonitor/arduino/v13_pulse/oscilloscope/sketch/wav_dma.h: 1 file pushed, 0 skipped. 33.5 MB/s (4067 bytes in 0.000s)
/Users/fmgarciadiaz/Documents/Development/Electronica/0Fergd/SerialPythonMonitor/arduino/v13_pulse/oscilloscope/sketch/wav_protocol.h: 1 file pushed, 0 skipped. 20.1 MB/s (2330 bytes in 0.000s)
/Users/fmgarciadiaz/Documents/Development/Electronica/0Fergd/SerialPythonMonitor/arduino/v13_pulse/oscilloscope/sketch/wav_queue.h: 1 file pushed, 0 skipped. 9.6 MB/s (1271 bytes in 0.000s)
The library Arduino_RouterBridge has been added from sketch project.
The library Arduino_RPClite has been added from sketch project.
The library MsgPack has been added from sketch project.
The library DebugLog has been added from sketch project.
The library ArxTypeTraits has been added from sketch project.
The library ArxContainer has been added from sketch project.
Sketch uses 108208 bytes (13%) of program storage space. Maximum is 786432 bytes.
Global variables use 193112 bytes (73%) of dynamic memory, leaving 69032 bytes for local variables. Maximum is 262144 bytes.
Python validado y sketch compilado. No se cargó firmware.
Guardando respaldo de la aplicación instalada…
✓ Export successful to '/tmp/osciloscopio_20261007_181923_341309.zip'
/tmp/osciloscopio_20261007_181923_341309.zip: 1 file pulled, 0 skipped. 18.9 MB/s (35163 bytes in 0.002s)
Respaldo: /Users/fmgarciadiaz/Documents/Development/Electronica/0Fergd/SerialPythonMonitor/respaldos/unoq/osciloscopio_20261007_181923_341309.zip
Compilando relay en el Q…
/Users/fmgarciadiaz/Documents/Development/Electronica/0Fergd/SerialPythonMonitor/arduino/v13_pulse/relay/unoq_config_stream.c: 1 file pushed, 0 skipped. 45.7 MB/s (7699 bytes in 0.000s)
/Users/fmgarciadiaz/Documents/Development/Electronica/0Fergd/SerialPythonMonitor/arduino/v13_pulse/relay/base_verifier.c: 1 file pushed, 0 skipped. 106.6 MB/s (17892 bytes in 0.000s)
/Users/fmgarciadiaz/Documents/Development/Electronica/0Fergd/SerialPythonMonitor/arduino/v13_pulse/relay/config_relay_protocol.h: 1 file pushed, 0 skipped. 57.4 MB/s (6416 bytes in 0.000s)
Get:1 http://deb.debian.org/debian trixie InRelease [140 kB]
Get:2 http://deb.debian.org/debian trixie-updates InRelease [47.3 kB]
Get:3 http://deb.debian.org/debian-security trixie-security InRelease [43.4 kB]
Get:4 http://deb.debian.org/debian trixie/main arm64 Packages [9614 kB]
Get:5 http://deb.debian.org/debian trixie-updates/main arm64 Packages [4424 B]
Get:6 http://deb.debian.org/debian-security trixie-security/main arm64 Packages [266 kB]
Fetched 10.1 MB in 6s (1599 kB/s)
Reading package lists...
Reading package lists...
Building dependency tree...
Reading state information...
The following additional packages will be installed:
  binutils binutils-aarch64-linux-gnu binutils-common cpp cpp-14
  cpp-14-aarch64-linux-gnu cpp-aarch64-linux-gnu gcc-14
  gcc-14-aarch64-linux-gnu gcc-aarch64-linux-gnu libasan8 libatomic1
  libbinutils libc-dev-bin libcc1-0 libcrypt-dev libctf-nobfd0 libctf0
  libgcc-14-dev libgomp1 libgprofng0 libhwasan0 libisl23 libitm1 libjansson4
  liblsan0 libmpc3 libmpfr6 libsframe1 libtsan2 libubsan1 linux-libc-dev
  rpcsvc-proto
Suggested packages:
  binutils-doc gprofng-gui binutils-gold cpp-doc gcc-14-locales cpp-14-doc
  gcc-multilib make manpages-dev autoconf automake libtool flex bison gdb
  gcc-doc gcc-14-doc gdb-aarch64-linux-gnu libc-devtools glibc-doc
Recommended packages:
  manpages manpages-dev
The following NEW packages will be installed:
  binutils binutils-aarch64-linux-gnu binutils-common cpp cpp-14
  cpp-14-aarch64-linux-gnu cpp-aarch64-linux-gnu gcc gcc-14
  gcc-14-aarch64-linux-gnu gcc-aarch64-linux-gnu libasan8 libatomic1
  libbinutils libc-dev-bin libc6-dev libcc1-0 libcrypt-dev libctf-nobfd0
  libctf0 libgcc-14-dev libgomp1 libgprofng0 libhwasan0 libisl23 libitm1
  libjansson4 liblsan0 libmpc3 libmpfr6 libsframe1 libtsan2 libubsan1
  linux-libc-dev rpcsvc-proto
0 upgraded, 35 newly installed, 0 to remove and 4 not upgraded.
Need to get 50.0 MB of archives.
After this operation, 205 MB of additional disk space will be used.
Get:1 http://deb.debian.org/debian trixie/main arm64 libsframe1 arm64 2.44-3 [77.8 kB]
Get:2 http://deb.debian.org/debian trixie/main arm64 binutils-common arm64 2.44-3 [2509 kB]
Get:3 http://deb.debian.org/debian trixie/main arm64 libbinutils arm64 2.44-3 [660 kB]
Get:4 http://deb.debian.org/debian trixie/main arm64 libgprofng0 arm64 2.44-3 [668 kB]
Get:5 http://deb.debian.org/debian trixie/main arm64 libctf-nobfd0 arm64 2.44-3 [152 kB]
Get:6 http://deb.debian.org/debian trixie/main arm64 libctf0 arm64 2.44-3 [84.2 kB]
Get:7 http://deb.debian.org/debian trixie/main arm64 libjansson4 arm64 2.14-2+b3 [39.2 kB]
Get:8 http://deb.debian.org/debian trixie/main arm64 binutils-aarch64-linux-gnu arm64 2.44-3 [820 kB]
Get:9 http://deb.debian.org/debian trixie/main arm64 binutils arm64 2.44-3 [262 kB]
Get:10 http://deb.debian.org/debian trixie/main arm64 libisl23 arm64 0.27-1 [601 kB]
Get:11 http://deb.debian.org/debian trixie/main arm64 libmpfr6 arm64 4.2.2-1 [685 kB]
Get:12 http://deb.debian.org/debian trixie/main arm64 libmpc3 arm64 1.3.1-1+b3 [50.5 kB]
Get:13 http://deb.debian.org/debian trixie/main arm64 cpp-14-aarch64-linux-gnu arm64 14.2.0-19 [9169 kB]
Get:14 http://deb.debian.org/debian trixie/main arm64 cpp-14 arm64 14.2.0-19 [1276 B]
Get:15 http://deb.debian.org/debian trixie/main arm64 cpp-aarch64-linux-gnu arm64 4:14.2.0-1 [4832 B]
Get:16 http://deb.debian.org/debian trixie/main arm64 cpp arm64 4:14.2.0-1 [1568 B]
Get:17 http://deb.debian.org/debian trixie/main arm64 libcc1-0 arm64 14.2.0-19 [42.2 kB]
Get:18 http://deb.debian.org/debian trixie/main arm64 libgomp1 arm64 14.2.0-19 [124 kB]
Get:19 http://deb.debian.org/debian trixie/main arm64 libitm1 arm64 14.2.0-19 [24.2 kB]
Get:20 http://deb.debian.org/debian trixie/main arm64 libatomic1 arm64 14.2.0-19 [10.1 kB]
Get:21 http://deb.debian.org/debian trixie/main arm64 libasan8 arm64 14.2.0-19 [2578 kB]
Get:22 http://deb.debian.org/debian trixie/main arm64 liblsan0 arm64 14.2.0-19 [1161 kB]
Get:23 http://deb.debian.org/debian trixie/main arm64 libtsan2 arm64 14.2.0-19 [2383 kB]
Get:24 http://deb.debian.org/debian trixie/main arm64 libubsan1 arm64 14.2.0-19 [1039 kB]
Get:25 http://deb.debian.org/debian trixie/main arm64 libhwasan0 arm64 14.2.0-19 [1442 kB]
Get:26 http://deb.debian.org/debian trixie/main arm64 libgcc-14-dev arm64 14.2.0-19 [2359 kB]
Get:27 http://deb.debian.org/debian trixie/main arm64 gcc-14-aarch64-linux-gnu arm64 14.2.0-19 [17.7 MB]
Get:28 http://deb.debian.org/debian trixie/main arm64 gcc-14 arm64 14.2.0-19 [529 kB]
Get:29 http://deb.debian.org/debian trixie/main arm64 gcc-aarch64-linux-gnu arm64 4:14.2.0-1 [1440 B]
Get:30 http://deb.debian.org/debian trixie/main arm64 gcc arm64 4:14.2.0-1 [5136 B]
Get:31 http://deb.debian.org/debian trixie/main arm64 libc-dev-bin arm64 2.41-12+deb13u4 [59.1 kB]
Get:32 http://deb.debian.org/debian-security trixie-security/main arm64 linux-libc-dev all 6.12.111-1 [2988 kB]
Get:33 http://deb.debian.org/debian trixie/main arm64 libcrypt-dev arm64 1:4.4.38-1 [123 kB]
Get:34 http://deb.debian.org/debian trixie/main arm64 rpcsvc-proto arm64 1.4.3-1+b1 [60.5 kB]
Get:35 http://deb.debian.org/debian trixie/main arm64 libc6-dev arm64 2.41-12+deb13u4 [1624 kB]
debconf: unable to initialize frontend: Dialog
debconf: (TERM is not set, so the dialog frontend is not usable.)
debconf: falling back to frontend: Readline
debconf: unable to initialize frontend: Readline
debconf: (Can't locate Term/ReadLine.pm in @INC (you may need to install the Term::ReadLine module) (@INC entries checked: /etc/perl /usr/local/lib/aarch64-linux-gnu/perl/5.40.1 /usr/local/share/perl/5.40.1 /usr/lib/aarch64-linux-gnu/perl5/5.40 /usr/share/perl5 /usr/lib/aarch64-linux-gnu/perl-base /usr/lib/aarch64-linux-gnu/perl/5.40 /usr/share/perl/5.40 /usr/local/lib/site_perl) at /usr/share/perl5/Debconf/FrontEnd/Readline.pm line 8, <STDIN> line 35.)
debconf: falling back to frontend: Teletype
debconf: unable to initialize frontend: Teletype
debconf: (This frontend requires a controlling tty.)
debconf: falling back to frontend: Noninteractive
Fetched 50.0 MB in 17s (2973 kB/s)
Selecting previously unselected package libsframe1:arm64.
(Reading database ... 
(Reading database ... 5%
(Reading database ... 10%
(Reading database ... 15%
(Reading database ... 20%
(Reading database ... 25%
(Reading database ... 30%
(Reading database ... 35%
(Reading database ... 40%
(Reading database ... 45%
(Reading database ... 50%
(Reading database ... 55%
(Reading database ... 60%
(Reading database ... 65%
(Reading database ... 70%
(Reading database ... 75%
(Reading database ... 80%
(Reading database ... 85%
(Reading database ... 90%
(Reading database ... 95%
(Reading database ... 100%
(Reading database ... 4948 files and directories currently installed.)
Preparing to unpack .../00-libsframe1_2.44-3_arm64.deb ...
Unpacking libsframe1:arm64 (2.44-3) ...
Selecting previously unselected package binutils-common:arm64.
Preparing to unpack .../01-binutils-common_2.44-3_arm64.deb ...
Unpacking binutils-common:arm64 (2.44-3) ...
Selecting previously unselected package libbinutils:arm64.
Preparing to unpack .../02-libbinutils_2.44-3_arm64.deb ...
Unpacking libbinutils:arm64 (2.44-3) ...
Selecting previously unselected package libgprofng0:arm64.
Preparing to unpack .../03-libgprofng0_2.44-3_arm64.deb ...
Unpacking libgprofng0:arm64 (2.44-3) ...
Selecting previously unselected package libctf-nobfd0:arm64.
Preparing to unpack .../04-libctf-nobfd0_2.44-3_arm64.deb ...
Unpacking libctf-nobfd0:arm64 (2.44-3) ...
Selecting previously unselected package libctf0:arm64.
Preparing to unpack .../05-libctf0_2.44-3_arm64.deb ...
Unpacking libctf0:arm64 (2.44-3) ...
Selecting previously unselected package libjansson4:arm64.
Preparing to unpack .../06-libjansson4_2.14-2+b3_arm64.deb ...
Unpacking libjansson4:arm64 (2.14-2+b3) ...
Selecting previously unselected package binutils-aarch64-linux-gnu.
Preparing to unpack .../07-binutils-aarch64-linux-gnu_2.44-3_arm64.deb ...
Unpacking binutils-aarch64-linux-gnu (2.44-3) ...
Selecting previously unselected package binutils.
Preparing to unpack .../08-binutils_2.44-3_arm64.deb ...
Unpacking binutils (2.44-3) ...
Selecting previously unselected package libisl23:arm64.
Preparing to unpack .../09-libisl23_0.27-1_arm64.deb ...
Unpacking libisl23:arm64 (0.27-1) ...
Selecting previously unselected package libmpfr6:arm64.
Preparing to unpack .../10-libmpfr6_4.2.2-1_arm64.deb ...
Unpacking libmpfr6:arm64 (4.2.2-1) ...
Selecting previously unselected package libmpc3:arm64.
Preparing to unpack .../11-libmpc3_1.3.1-1+b3_arm64.deb ...
Unpacking libmpc3:arm64 (1.3.1-1+b3) ...
Selecting previously unselected package cpp-14-aarch64-linux-gnu.
Preparing to unpack .../12-cpp-14-aarch64-linux-gnu_14.2.0-19_arm64.deb ...
Unpacking cpp-14-aarch64-linux-gnu (14.2.0-19) ...
Selecting previously unselected package cpp-14.
Preparing to unpack .../13-cpp-14_14.2.0-19_arm64.deb ...
Unpacking cpp-14 (14.2.0-19) ...
Selecting previously unselected package cpp-aarch64-linux-gnu.
Preparing to unpack .../14-cpp-aarch64-linux-gnu_4%3a14.2.0-1_arm64.deb ...
Unpacking cpp-aarch64-linux-gnu (4:14.2.0-1) ...
Selecting previously unselected package cpp.
Preparing to unpack .../15-cpp_4%3a14.2.0-1_arm64.deb ...
Unpacking cpp (4:14.2.0-1) ...
Selecting previously unselected package libcc1-0:arm64.
Preparing to unpack .../16-libcc1-0_14.2.0-19_arm64.deb ...
Unpacking libcc1-0:arm64 (14.2.0-19) ...
Selecting previously unselected package libgomp1:arm64.
Preparing to unpack .../17-libgomp1_14.2.0-19_arm64.deb ...
Unpacking libgomp1:arm64 (14.2.0-19) ...
Selecting previously unselected package libitm1:arm64.
Preparing to unpack .../18-libitm1_14.2.0-19_arm64.deb ...
Unpacking libitm1:arm64 (14.2.0-19) ...
Selecting previously unselected package libatomic1:arm64.
Preparing to unpack .../19-libatomic1_14.2.0-19_arm64.deb ...
Unpacking libatomic1:arm64 (14.2.0-19) ...
Selecting previously unselected package libasan8:arm64.
Preparing to unpack .../20-libasan8_14.2.0-19_arm64.deb ...
Unpacking libasan8:arm64 (14.2.0-19) ...
Selecting previously unselected package liblsan0:arm64.
Preparing to unpack .../21-liblsan0_14.2.0-19_arm64.deb ...
Unpacking liblsan0:arm64 (14.2.0-19) ...
Selecting previously unselected package libtsan2:arm64.
Preparing to unpack .../22-libtsan2_14.2.0-19_arm64.deb ...
Unpacking libtsan2:arm64 (14.2.0-19) ...
Selecting previously unselected package libubsan1:arm64.
Preparing to unpack .../23-libubsan1_14.2.0-19_arm64.deb ...
Unpacking libubsan1:arm64 (14.2.0-19) ...
Selecting previously unselected package libhwasan0:arm64.
Preparing to unpack .../24-libhwasan0_14.2.0-19_arm64.deb ...
Unpacking libhwasan0:arm64 (14.2.0-19) ...
Selecting previously unselected package libgcc-14-dev:arm64.
Preparing to unpack .../25-libgcc-14-dev_14.2.0-19_arm64.deb ...
Unpacking libgcc-14-dev:arm64 (14.2.0-19) ...
Selecting previously unselected package gcc-14-aarch64-linux-gnu.
Preparing to unpack .../26-gcc-14-aarch64-linux-gnu_14.2.0-19_arm64.deb ...
Unpacking gcc-14-aarch64-linux-gnu (14.2.0-19) ...
Selecting previously unselected package gcc-14.
Preparing to unpack .../27-gcc-14_14.2.0-19_arm64.deb ...
Unpacking gcc-14 (14.2.0-19) ...
Selecting previously unselected package gcc-aarch64-linux-gnu.
Preparing to unpack .../28-gcc-aarch64-linux-gnu_4%3a14.2.0-1_arm64.deb ...
Unpacking gcc-aarch64-linux-gnu (4:14.2.0-1) ...
Selecting previously unselected package gcc.
Preparing to unpack .../29-gcc_4%3a14.2.0-1_arm64.deb ...
Unpacking gcc (4:14.2.0-1) ...
Selecting previously unselected package libc-dev-bin.
Preparing to unpack .../30-libc-dev-bin_2.41-12+deb13u4_arm64.deb ...
Unpacking libc-dev-bin (2.41-12+deb13u4) ...
Selecting previously unselected package linux-libc-dev.
Preparing to unpack .../31-linux-libc-dev_6.12.111-1_all.deb ...
Unpacking linux-libc-dev (6.12.111-1) ...
Selecting previously unselected package libcrypt-dev:arm64.
Preparing to unpack .../32-libcrypt-dev_1%3a4.4.38-1_arm64.deb ...
Unpacking libcrypt-dev:arm64 (1:4.4.38-1) ...
Selecting previously unselected package rpcsvc-proto.
Preparing to unpack .../33-rpcsvc-proto_1.4.3-1+b1_arm64.deb ...
Unpacking rpcsvc-proto (1.4.3-1+b1) ...
Selecting previously unselected package libc6-dev:arm64.
Preparing to unpack .../34-libc6-dev_2.41-12+deb13u4_arm64.deb ...
Unpacking libc6-dev:arm64 (2.41-12+deb13u4) ...
Setting up binutils-common:arm64 (2.44-3) ...
Setting up linux-libc-dev (6.12.111-1) ...
Setting up libctf-nobfd0:arm64 (2.44-3) ...
Setting up libgomp1:arm64 (14.2.0-19) ...
Setting up libsframe1:arm64 (2.44-3) ...
Setting up libjansson4:arm64 (2.14-2+b3) ...
Setting up rpcsvc-proto (1.4.3-1+b1) ...
Setting up libmpfr6:arm64 (4.2.2-1) ...
Setting up libmpc3:arm64 (1.3.1-1+b3) ...
Setting up libatomic1:arm64 (14.2.0-19) ...
Setting up libubsan1:arm64 (14.2.0-19) ...
Setting up libhwasan0:arm64 (14.2.0-19) ...
Setting up libcrypt-dev:arm64 (1:4.4.38-1) ...
Setting up libasan8:arm64 (14.2.0-19) ...
Setting up libtsan2:arm64 (14.2.0-19) ...
Setting up libbinutils:arm64 (2.44-3) ...
Setting up libisl23:arm64 (0.27-1) ...
Setting up libc-dev-bin (2.41-12+deb13u4) ...
Setting up libcc1-0:arm64 (14.2.0-19) ...
Setting up liblsan0:arm64 (14.2.0-19) ...
Setting up libitm1:arm64 (14.2.0-19) ...
Setting up libctf0:arm64 (2.44-3) ...
Setting up binutils-aarch64-linux-gnu (2.44-3) ...
Setting up libgprofng0:arm64 (2.44-3) ...
Setting up cpp-14-aarch64-linux-gnu (14.2.0-19) ...
Setting up libc6-dev:arm64 (2.41-12+deb13u4) ...
Setting up libgcc-14-dev:arm64 (14.2.0-19) ...
Setting up binutils (2.44-3) ...
Setting up cpp-aarch64-linux-gnu (4:14.2.0-1) ...
Setting up cpp-14 (14.2.0-19) ...
Setting up cpp (4:14.2.0-1) ...
Setting up gcc-14-aarch64-linux-gnu (14.2.0-19) ...
Setting up gcc-aarch64-linux-gnu (4:14.2.0-1) ...
Setting up gcc-14 (14.2.0-19) ...
Setting up gcc (4:14.2.0-1) ...
Processing triggers for libc-bin (2.41-12+deb13u4) ...
serialmonitor-usb-stream
serialmonitor-usb-stream
Actualizando app y firmware MCU…
[INFO] Stopping app "Scope Pulse US V13 Experimental"
[INFO] Stopping microcontroller...
[INFO]  Container scope-pulse-us-v13-main-1  Stopping
[INFO]  Container scope-pulse-us-v13-main-1  Stopped
Progress[]: 100%
✓ App '"Scope Pulse US V13 Experimental" stopped successfully.
/Users/fmgarciadiaz/Documents/Development/Electronica/0Fergd/SerialPythonMonitor/arduino/v13_pulse/oscilloscope/app.yaml: 1 file pushed, 0 skipped. 1.3 MB/s (147 bytes in 0.000s)
/Users/fmgarciadiaz/Documents/Development/Electronica/0Fergd/SerialPythonMonitor/arduino/v13_pulse/oscilloscope/python/main.py: 1 file pushed, 0 skipped. 2.7 MB/s (280 bytes in 0.000s)
/Users/fmgarciadiaz/Documents/Development/Electronica/0Fergd/SerialPythonMonitor/arduino/v13_pulse/oscilloscope/sketch/acquisition.h: 1 file pushed, 0 skipped. 104.2 MB/s (19948 bytes in 0.000s)
/Users/fmgarciadiaz/Documents/Development/Electronica/0Fergd/SerialPythonMonitor/arduino/v13_pulse/oscilloscope/sketch/acquisition_protocol.h: 1 file pushed, 0 skipped. 23.4 MB/s (2732 bytes in 0.000s)
/Users/fmgarciadiaz/Documents/Development/Electronica/0Fergd/SerialPythonMonitor/arduino/v13_pulse/oscilloscope/sketch/benchmark_protocol.h: 1 file pushed, 0 skipped. 48.6 MB/s (7610 bytes in 0.000s)
/Users/fmgarciadiaz/Documents/Development/Electronica/0Fergd/SerialPythonMonitor/arduino/v13_pulse/oscilloscope/sketch/control_protocol.h: 1 file pushed, 0 skipped. 26.7 MB/s (3036 bytes in 0.000s)
/Users/fmgarciadiaz/Documents/Development/Electronica/0Fergd/SerialPythonMonitor/arduino/v13_pulse/oscilloscope/sketch/generator.h: 1 file pushed, 0 skipped. 48.6 MB/s (6657 bytes in 0.000s)
/Users/fmgarciadiaz/Documents/Development/Electronica/0Fergd/SerialPythonMonitor/arduino/v13_pulse/oscilloscope/sketch/generator_dma.h: 1 file pushed, 0 skipped. 30.0 MB/s (4412 bytes in 0.000s)
/Users/fmgarciadiaz/Documents/Development/Electronica/0Fergd/SerialPythonMonitor/arduino/v13_pulse/oscilloscope/sketch/generator_protocol.h: 1 file pushed, 0 skipped. 22.0 MB/s (2938 bytes in 0.000s)
/Users/fmgarciadiaz/Documents/Development/Electronica/0Fergd/SerialPythonMonitor/arduino/v13_pulse/oscilloscope/sketch/generator_timing.h: 1 file pushed, 0 skipped. 6.4 MB/s (876 bytes in 0.000s)
/Users/fmgarciadiaz/Documents/Development/Electronica/0Fergd/SerialPythonMonitor/arduino/v13_pulse/oscilloscope/sketch/scope_config.h: 1 file pushed, 0 skipped. 20.8 MB/s (2665 bytes in 0.000s)
/Users/fmgarciadiaz/Documents/Development/Electronica/0Fergd/SerialPythonMonitor/arduino/v13_pulse/oscilloscope/sketch/scope_protocol.h: 1 file pushed, 0 skipped. 5.1 MB/s (658 bytes in 0.000s)
/Users/fmgarciadiaz/Documents/Development/Electronica/0Fergd/SerialPythonMonitor/arduino/v13_pulse/oscilloscope/sketch/sketch.ino: 1 file pushed, 0 skipped. 115.3 MB/s (20989 bytes in 0.000s)
/Users/fmgarciadiaz/Documents/Development/Electronica/0Fergd/SerialPythonMonitor/arduino/v13_pulse/oscilloscope/sketch/sketch.yaml: 1 file pushed, 0 skipped. 2.3 MB/s (295 bytes in 0.000s)
/Users/fmgarciadiaz/Documents/Development/Electronica/0Fergd/SerialPythonMonitor/arduino/v13_pulse/oscilloscope/sketch/wav.h: 1 file pushed, 0 skipped. 34.2 MB/s (4679 bytes in 0.000s)
/Users/fmgarciadiaz/Documents/Development/Electronica/0Fergd/SerialPythonMonitor/arduino/v13_pulse/oscilloscope/sketch/wav_dma.h: 1 file pushed, 0 skipped. 27.4 MB/s (4067 bytes in 0.000s)
/Users/fmgarciadiaz/Documents/Development/Electronica/0Fergd/SerialPythonMonitor/arduino/v13_pulse/oscilloscope/sketch/wav_protocol.h: 1 file pushed, 0 skipped. 21.0 MB/s (2330 bytes in 0.000s)
/Users/fmgarciadiaz/Documents/Development/Electronica/0Fergd/SerialPythonMonitor/arduino/v13_pulse/oscilloscope/sketch/wav_queue.h: 1 file pushed, 0 skipped. 10.0 MB/s (1271 bytes in 0.000s)
Cargando MCU y comprobando relay…
[INFO] Stopping app "Scope Pulse US V13 Experimental"
[INFO]  Container scope-pulse-us-v13-main-1  Stopping
[INFO]  Container scope-pulse-us-v13-main-1  Stopped
Progress[]: 100%
✓ App '"Scope Pulse US V13 Experimental" stopped successfully.
[INFO] Starting app "Scope Pulse US V13 Experimental"
Progress[preparing]: 0%
Progress[sketch compiling and uploading]: 0%
[INFO] Sketch profile configured: Name="default", Port=""
[INFO] The library Arduino_RouterBridge has been added from sketch project.
[INFO] The library Arduino_RPClite has been added from sketch project.
[INFO] The library MsgPack has been added from sketch project.
[INFO] The library DebugLog has been added from sketch project.
[INFO] The library ArxTypeTraits has been added from sketch project.
[INFO] The library ArxContainer has been added from sketch project.
[INFO] Sketch uses 108208 bytes (13%) of program storage space. Maximum is 786432 bytes.
[INFO] Global variables use 193112 bytes (73%) of dynamic memory, leaving 69032 bytes for local variables. Maximum is 262144 bytes.
[INFO] Board platform: arduino:zephyr (1.0.0) in /home/arduino/.arduino15/internal/arduino_zephyr_1.0.0_280fc2760e675f10
[INFO] Used library Arduino_RouterBridge (0.4.3) in /home/arduino/.arduino15/internal/Arduino_RouterBridge_0.4.3_456a4ab6b378b066/Arduino_RouterBridge
[INFO] Used library Arduino_RPClite (0.3.1) in /home/arduino/.arduino15/internal/Arduino_RPClite_0.3.1_3aaf611bc915560f/Arduino_RPClite
[INFO] Used library MsgPack (0.4.2) in /home/arduino/.arduino15/internal/MsgPack_0.4.2_a0d4adc5044d022c/MsgPack
[INFO] Used library DebugLog (0.8.4) in /home/arduino/.arduino15/internal/DebugLog_0.8.4_c199e2cf6415ecc8/DebugLog
[INFO] Used library ArxTypeTraits (0.3.2) in /home/arduino/.arduino15/internal/ArxTypeTraits_0.3.2_d65e2aabfeed7838/ArxTypeTraits
[INFO] Used library ArxContainer (0.7.0) in /home/arduino/.arduino15/internal/ArxContainer_0.7.0_007f0bb2a1cdefe3/ArxContainer
[INFO] Open On-Chip Debugger 0.12.0+dev-ge6a2c12f4 (2025-05-22-15:51)
[INFO] Licensed under GNU GPL v2
[INFO] For bug reports, read
[INFO] 	http://openocd.org/doc/doxygen/bugs.html
[INFO] debug_level: 2
[INFO] clock_config
[INFO] /tmp/remoteocd/zephyr-arduino_uno_q_stm32u585xx.elf
[INFO] /tmp/remoteocd/zephyr-arduino_uno_q_stm32u585xx.elf
[INFO] /tmp/remoteocd/sketch.ino.elf-zsk.bin
[INFO] Info : Linux GPIOD JTAG/SWD bitbang driver (libgpiod v2)
[INFO] Info : Note: The adapter "linuxgpiod" doesn't support configurable speed
[INFO] Info : SWD DPIDR 0x0be12477
[INFO] Info : [stm32u5.ap0] Examination succeed
[INFO] Info : [stm32u5.cpu] Cortex-M33 r0p4 processor detected
[INFO] Info : [stm32u5.cpu] target has 8 breakpoints, 4 watchpoints
[INFO] Info : [stm32u5.cpu] Examination succeed
[INFO] Info : [stm32u5.ap0] gdb port disabled
[INFO] Info : [stm32u5.cpu] starting gdb server on 3333
[INFO] Info : Listening on port 3333 for gdb connections
[INFO] CPU in Non-Secure state
[INFO] [stm32u5.cpu] halted due to debug-request, current mode: Thread 
[INFO] xPSR: 0x41000000 pc: 0x08017f58 psp: 0x20002820
[INFO] Info : device idcode = 0x30076482 (STM32U57/U58xx - Rev U : 0x3007)
[INFO] Info : TZEN = 0 : TrustZone disabled by option bytes
[INFO] Info : RDP level 0 (0xAA)
[INFO] Info : flash size = 2048 KiB
[INFO] Info : flash mode : dual-bank
[INFO] shutdown command invoked
time="2026-10-07T21:20:36Z" level=error msg="Stopped decode loop: EOF" discovery="builtin:serial-discovery"
Progress[sketch updated]: 10%
time="2026-10-07T21:20:36Z" level=error msg="Stopped decode loop: EOF" discovery="builtin:mdns-discovery"
[INFO] python provisioning
Progress[python provisioning]: 10%
[INFO] python downloading
[INFO]  Container scope-pulse-us-v13-main-1  Created
[INFO]  Container scope-pulse-us-v13-main-1  Starting
[INFO]  Container scope-pulse-us-v13-main-1  Started
Progress[]: 100%
✓ App "Scope Pulse US V13 Experimental" started successfully
636f2efa4602ef6682727436ecbdb9a3692a26606237116998cbf90610081303
Relay WAV candidato iniciado. Abrir: python monitor/v13/app.py (requiere MCU y relay de la misma variante).
Q preparado: MCU, app y relay activos.
